Archive member included to satisfy reference by file (symbol)

/opt/st/stm32cubeide_1.6.1/plugins/com.st.stm32cube.ide.mcu.externaltools.gnu-tools-for-stm32.9-2020-q2-update.linux64_1.5.0.202011040924/tools/bin/../lib/gcc/arm-none-eabi/9.3.1/../../../../arm-none-eabi/lib/thumb/v7-m/nofp/libc_nano.a(lib_a-errno.o)
                              Core/Src/syscalls.o (__errno)
/opt/st/stm32cubeide_1.6.1/plugins/com.st.stm32cube.ide.mcu.externaltools.gnu-tools-for-stm32.9-2020-q2-update.linux64_1.5.0.202011040924/tools/bin/../lib/gcc/arm-none-eabi/9.3.1/../../../../arm-none-eabi/lib/thumb/v7-m/nofp/libc_nano.a(lib_a-exit.o)
                              /opt/st/stm32cubeide_1.6.1/plugins/com.st.stm32cube.ide.mcu.externaltools.gnu-tools-for-stm32.9-2020-q2-update.linux64_1.5.0.202011040924/tools/bin/../lib/gcc/arm-none-eabi/9.3.1/../../../../arm-none-eabi/lib/thumb/v7-m/nofp/crt0.o (exit)
/opt/st/stm32cubeide_1.6.1/plugins/com.st.stm32cube.ide.mcu.externaltools.gnu-tools-for-stm32.9-2020-q2-update.linux64_1.5.0.202011040924/tools/bin/../lib/gcc/arm-none-eabi/9.3.1/../../../../arm-none-eabi/lib/thumb/v7-m/nofp/libc_nano.a(lib_a-impure.o)
                              /opt/st/stm32cubeide_1.6.1/plugins/com.st.stm32cube.ide.mcu.externaltools.gnu-tools-for-stm32.9-2020-q2-update.linux64_1.5.0.202011040924/tools/bin/../lib/gcc/arm-none-eabi/9.3.1/../../../../arm-none-eabi/lib/thumb/v7-m/nofp/libc_nano.a(lib_a-exit.o) (_global_impure_ptr)
/opt/st/stm32cubeide_1.6.1/plugins/com.st.stm32cube.ide.mcu.externaltools.gnu-tools-for-stm32.9-2020-q2-update.linux64_1.5.0.202011040924/tools/bin/../lib/gcc/arm-none-eabi/9.3.1/../../../../arm-none-eabi/lib/thumb/v7-m/nofp/libc_nano.a(lib_a-init.o)
                              /opt/st/stm32cubeide_1.6.1/plugins/com.st.stm32cube.ide.mcu.externaltools.gnu-tools-for-stm32.9-2020-q2-update.linux64_1.5.0.202011040924/tools/bin/../lib/gcc/arm-none-eabi/9.3.1/../../../../arm-none-eabi/lib/thumb/v7-m/nofp/crt0.o (__libc_init_array)
/opt/st/stm32cubeide_1.6.1/plugins/com.st.stm32cube.ide.mcu.externaltools.gnu-tools-for-stm32.9-2020-q2-update.linux64_1.5.0.202011040924/tools/bin/../lib/gcc/arm-none-eabi/9.3.1/../../../../arm-none-eabi/lib/thumb/v7-m/nofp/libc_nano.a(lib_a-memcpy-stub.o)
                              Core/Src/app.o (memcpy)
/opt/st/stm32cubeide_1.6.1/plugins/com.st.stm32cube.ide.mcu.externaltools.gnu-tools-for-stm32.9-2020-q2-update.linux64_1.5.0.202011040924/tools/bin/../lib/gcc/arm-none-eabi/9.3.1/../../../../arm-none-eabi/lib/thumb/v7-m/nofp/libc_nano.a(lib_a-memset.o)
                              /opt/st/stm32cubeide_1.6.1/plugins/com.st.stm32cube.ide.mcu.externaltools.gnu-tools-for-stm32.9-2020-q2-update.linux64_1.5.0.202011040924/tools/bin/../lib/gcc/arm-none-eabi/9.3.1/../../../../arm-none-eabi/lib/thumb/v7-m/nofp/crt0.o (memset)
/opt/st/stm32cubeide_1.6.1/plugins/com.st.stm32cube.ide.mcu.externaltools.gnu-tools-for-stm32.9-2020-q2-update.linux64_1.5.0.202011040924/tools/bin/../lib/gcc/arm-none-eabi/9.3.1/../../../../arm-none-eabi/lib/thumb/v7-m/nofp/libm.a(lib_a-w_pow.o)
                              Core/Src/app.o (pow)
/opt/st/stm32cubeide_1.6.1/plugins/com.st.stm32cube.ide.mcu.externaltools.gnu-tools-for-stm32.9-2020-q2-update.linux64_1.5.0.202011040924/tools/bin/../lib/gcc/arm-none-eabi/9.3.1/../../../../arm-none-eabi/lib/thumb/v7-m/nofp/libm.a(lib_a-e_pow.o)
                              /opt/st/stm32cubeide_1.6.1/plugins/com.st.stm32cube.ide.mcu.externaltools.gnu-tools-for-stm32.9-2020-q2-update.linux64_1.5.0.202011040924/tools/bin/../lib/gcc/arm-none-eabi/9.3.1/../../../../arm-none-eabi/lib/thumb/v7-m/nofp/libm.a(lib_a-w_pow.o) (__ieee754_pow)
/opt/st/stm32cubeide_1.6.1/plugins/com.st.stm32cube.ide.mcu.externaltools.gnu-tools-for-stm32.9-2020-q2-update.linux64_1.5.0.202011040924/tools/bin/../lib/gcc/arm-none-eabi/9.3.1/../../../../arm-none-eabi/lib/thumb/v7-m/nofp/libm.a(lib_a-e_sqrt.o)
                              /opt/st/stm32cubeide_1.6.1/plugins/com.st.stm32cube.ide.mcu.externaltools.gnu-tools-for-stm32.9-2020-q2-update.linux64_1.5.0.202011040924/tools/bin/../lib/gcc/arm-none-eabi/9.3.1/../../../../arm-none-eabi/lib/thumb/v7-m/nofp/libm.a(lib_a-e_pow.o) (__ieee754_sqrt)
/opt/st/stm32cubeide_1.6.1/plugins/com.st.stm32cube.ide.mcu.externaltools.gnu-tools-for-stm32.9-2020-q2-update.linux64_1.5.0.202011040924/tools/bin/../lib/gcc/arm-none-eabi/9.3.1/../../../../arm-none-eabi/lib/thumb/v7-m/nofp/libm.a(lib_a-s_fabs.o)
                              /opt/st/stm32cubeide_1.6.1/plugins/com.st.stm32cube.ide.mcu.externaltools.gnu-tools-for-stm32.9-2020-q2-update.linux64_1.5.0.202011040924/tools/bin/../lib/gcc/arm-none-eabi/9.3.1/../../../../arm-none-eabi/lib/thumb/v7-m/nofp/libm.a(lib_a-e_pow.o) (fabs)
/opt/st/stm32cubeide_1.6.1/plugins/com.st.stm32cube.ide.mcu.externaltools.gnu-tools-for-stm32.9-2020-q2-update.linux64_1.5.0.202011040924/tools/bin/../lib/gcc/arm-none-eabi/9.3.1/../../../../arm-none-eabi/lib/thumb/v7-m/nofp/libm.a(lib_a-s_finite.o)
[...]
Memory Configuration

Name             Origin             Length             Attributes
RAM              0x0000000020000000 0x0000000000005000 xrw
FLASH            0x0000000008000000 0x0000000000010000 xr
*default*        0x0000000000000000 0xffffffffffffffff

Linker script and memory map

LOAD /opt/st/stm32cubeide_1.6.1/plugins/com.st.stm32cube.ide.mcu.externaltools.gnu-tools-for-stm32.9-2020-q2-update.linux64_1.5.0.202011040924/tools/bin/../lib/gcc/arm-none-eabi/9.3.1/thumb/v7-m/nofp/crti.o
LOAD /opt/st/stm32cubeide_1.6.1/plugins/com.st.stm32cube.ide.mcu.externaltools.gnu-tools-for-stm32.9-2020-q2-update.linux64_1.5.0.202011040924/tools/bin/../lib/gcc/arm-none-eabi/9.3.1/thumb/v7-m/nofp/crtbegin.o
LOAD /opt/st/stm32cubeide_1.6.1/plugins/com.st.stm32cube.ide.mcu.externaltools.gnu-tools-for-stm32.9-2020-q2-update.linux64_1.5.0.202011040924/tools/bin/../lib/gcc/arm-none-eabi/9.3.1/../../../../arm-none-eabi/lib/thumb/v7-m/nofp/crt0.o
LOAD Core/Src/app.o
LOAD Core/Src/freertos.o
LOAD Core/Src/main.o
LOAD Core/Src/max7219.o
LOAD Core/Src/stm32f1xx_hal_msp.o
LOAD Core/Src/stm32f1xx_hal_timebase_tim.o
LOAD Core/Src/stm32f1xx_it.o
LOAD Core/Src/syscalls.o
LOAD Core/Src/sysmem.o
LOAD Core/Src/system_stm32f1xx.o
LOAD Core/Startup/startup_stm32f103c8tx.o
LOAD Drivers/STM32F1xx_HAL_Driver/Src/stm32f1xx_hal.o
LOAD Drivers/STM32F1xx_HAL_Driver/Src/stm32f1xx_hal_cortex.o
LOAD Drivers/STM32F1xx_HAL_Driver/Src/stm32f1xx_hal_dma.o
LOAD Drivers/STM32F1xx_HAL_Driver/Src/stm32f1xx_hal_exti.o
LOAD Drivers/STM32F1xx_HAL_Driver/Src/stm32f1xx_hal_flash.o
LOAD Drivers/STM32F1xx_HAL_Driver/Src/stm32f1xx_hal_flash_ex.o
LOAD Drivers/STM32F1xx_HAL_Driver/Src/stm32f1xx_hal_gpio.o
LOAD Drivers/STM32F1xx_HAL_Driver/Src/stm32f1xx_hal_gpio_ex.o
LOAD Drivers/STM32F1xx_HAL_Driver/Src/stm32f1xx_hal_pwr.o
LOAD Drivers/STM32F1xx_HAL_Driver/Src/stm32f1xx_hal_rcc.o
LOAD Drivers/STM32F1xx_HAL_Driver/Src/stm32f1xx_hal_rcc_ex.o
LOAD Drivers/STM32F1xx_HAL_Driver/Src/stm32f1xx_hal_spi.o
LOAD Drivers/STM32F1xx_HAL_Driver/Src/stm32f1xx_hal_tim.o
LOAD Drivers/STM32F1xx_HAL_Driver/Src/stm32f1xx_hal_tim_ex.o
LOAD Middlewares/Third_Party/FreeRTOS/Source/CMSIS_RTOS/cmsis_os.o
LOAD Middlewares/Third_Party/FreeRTOS/Source/croutine.o
LOAD Middlewares/Third_Party/FreeRTOS/Source/event_groups.o
LOAD Middlewares/Third_Party/FreeRTOS/Source/list.o
LOAD Middlewares/Third_Party/FreeRTOS/Source/queue.o
LOAD Middlewares/Third_Party/FreeRTOS/Source/stream_buffer.o
LOAD Middlewares/Third_Party/FreeRTOS/Source/tasks.o
LOAD Middlewares/Third_Party/FreeRTOS/Source/timers.o
LOAD Middlewares/Third_Party/FreeRTOS/Source/portable/GCC/ARM_CM3/port.o
LOAD Middlewares/Third_Party/FreeRTOS/Source/portable/MemMang/heap_4.o
START GROUP
LOAD /opt/st/stm32cubeide_1.6.1/plugins/com.st.stm32cube.ide.mcu.externaltools.gnu-tools-for-stm32.9-2020-q2-update.linux64_1.5.0.202011040924/tools/bin/../lib/gcc/arm-none-eabi/9.3.1/../../../../arm-none-eabi/lib/thumb/v7-m/nofp/libc_nano.a
LOAD /opt/st/stm32cubeide_1.6.1/plugins/com.st.stm32cube.ide.mcu.externaltools.gnu-tools-for-stm32.9-2020-q2-update.linux64_1.5.0.202011040924/tools/bin/../lib/gcc/arm-none-eabi/9.3.1/../../../../arm-none-eabi/lib/thumb/v7-m/nofp/libm.a
END GROUP
START GROUP
LOAD /opt/st/stm32cubeide_1.6.1/plugins/com.st.stm32cube.ide.mcu.externaltools.gnu-tools-for-stm32.9-2020-q2-update.linux64_1.5.0.202011040924/tools/bin/../lib/gcc/arm-none-eabi/9.3.1/thumb/v7-m/nofp/libgcc.a
LOAD /opt/st/stm32cubeide_1.6.1/plugins/com.st.stm32cube.ide.mcu.externaltools.gnu-tools-for-stm32.9-2020-q2-update.linux64_1.5.0.202011040924/tools/bin/../lib/gcc/arm-none-eabi/9.3.1/../../../../arm-none-eabi/lib/thumb/v7-m/nofp/libc_nano.a
END GROUP
START GROUP
LOAD /opt/st/stm32cubeide_1.6.1/plugins/com.st.stm32cube.ide.mcu.externaltools.gnu-tools-for-stm32.9-2020-q2-update.linux64_1.5.0.202011040924/tools/bin/../lib/gcc/arm-none-eabi/9.3.1/thumb/v7-m/nofp/libgcc.a
LOAD /opt/st/stm32cubeide_1.6.1/plugins/com.st.stm32cube.ide.mcu.externaltools.gnu-tools-for-stm32.9-2020-q2-update.linux64_1.5.0.202011040924/tools/bin/../lib/gcc/arm-none-eabi/9.3.1/../../../../arm-none-eabi/lib/thumb/v7-m/nofp/libc_nano.a
LOAD /opt/st/stm32cubeide_1.6.1/plugins/com.st.stm32cube.ide.mcu.externaltools.gnu-tools-for-stm32.9-2020-q2-update.linux64_1.5.0.202011040924/tools/bin/../lib/gcc/arm-none-eabi/9.3.1/../../../../arm-none-eabi/lib/thumb/v7-m/nofp/libnosys.a
END GROUP
START GROUP
LOAD /opt/st/stm32cubeide_1.6.1/plugins/com.st.stm32cube.ide.mcu.externaltools.gnu-tools-for-stm32.9-2020-q2-update.linux64_1.5.0.202011040924/tools/bin/../lib/gcc/arm-none-eabi/9.3.1/thumb/v7-m/nofp/libgcc.a
LOAD /opt/st/stm32cubeide_1.6.1/plugins/com.st.stm32cube.ide.mcu.externaltools.gnu-tools-for-stm32.9-2020-q2-update.linux64_1.5.0.202011040924/tools/bin/../lib/gcc/arm-none-eabi/9.3.1/../../../../arm-none-eabi/lib/thumb/v7-m/nofp/libc_nano.a
LOAD /opt/st/stm32cubeide_1.6.1/plugins/com.st.stm32cube.ide.mcu.externaltools.gnu-tools-for-stm32.9-2020-q2-update.linux64_1.5.0.202011040924/tools/bin/../lib/gcc/arm-none-eabi/9.3.1/../../../../arm-none-eabi/lib/thumb/v7-m/nofp/libnosys.a
END GROUP
LOAD /opt/st/stm32cubeide_1.6.1/plugins/com.st.stm32cube.ide.mcu.externaltools.gnu-tools-for-stm32.9-2020-q2-update.linux64_1.5.0.202011040924/tools/bin/../lib/gcc/arm-none-eabi/9.3.1/thumb/v7-m/nofp/crtend.o
LOAD /opt/st/stm32cubeide_1.6.1/plugins/com.st.stm32cube.ide.mcu.externaltools.gnu-tools-for-stm32.9-2020-q2-update.linux64_1.5.0.202011040924/tools/bin/../lib/gcc/arm-none-eabi/9.3.1/thumb/v7-m/nofp/crtn.o
                0x0000000020005000                _estack = (ORIGIN (RAM) + LENGTH (RAM))
                0x0000000000000200                _Min_Heap_Size = 0x200
                0x0000000000000400                _Min_Stack_Size = 0x400

.isr_vector     0x0000000008000000      0x10c
                0x0000000008000000                . = ALIGN (0x4)
 *(.isr_vector)
 .isr_vector    0x0000000008000000      0x10c Core/Startup/startup_stm32f103c8tx.o
                0x0000000008000000                g_pfnVectors
                0x000000000800010c                . = ALIGN (0x4)

.text           0x0000000008000110     0x5cd4
                0x0000000008000110                . = ALIGN (0x4)
 *(.text)
 .text          0x0000000008000110       0x40 /opt/st/stm32cubeide_1.6.1/plugins/com.st.stm32cube.ide.mcu.externaltools.gnu-tools-for-stm32.9-2020-q2-update.linux64_1.5.0.202011040924/tools/bin/../lib/gcc/arm-none-eabi/9.3.1/thumb/v7-m/nofp/crtbegin.o
 .text          0x0000000008000150      0x378 /opt/st/stm32cubeide_1.6.1/plugins/com.st.stm32cube.ide.mcu.externaltools.gnu-tools-for-stm32.9-2020-q2-update.linux64_1.5.0.202011040924/tools/bin/../lib/gcc/arm-none-eabi/9.3.1/thumb/v7-m/nofp/libgcc.a(_arm_addsubdf3.o)
                0x0000000008000150                __aeabi_drsub
                0x0000000008000158                __aeabi_dsub
                0x0000000008000158                __subdf3
                0x000000000800015c                __adddf3
                0x000000000800015c                __aeabi_dadd
                0x00000000080003d4                __aeabi_ui2d
                0x00000000080003d4                __floatunsidf
                0x00000000080003f4                __floatsidf
                0x00000000080003f4                __aeabi_i2d
                0x0000000008000418                __extendsfdf2
                0x0000000008000418                __aeabi_f2d
                0x000000000800045c                __aeabi_ul2d
                0x000000000800045c                __floatundidf
                0x000000000800046c                __floatdidf
                0x000000000800046c                __aeabi_l2d
 .text          0x00000000080004c8      0x424 /opt/st/stm32cubeide_1.6.1/plugins/com.st.stm32cube.ide.mcu.externaltools.gnu-tools-for-stm32.9-2020-q2-update.linux64_1.5.0.202011040924/tools/bin/../lib/gcc/arm-none-eabi/9.3.1/thumb/v7-m/nofp/libgcc.a(_arm_muldivdf3.o)
                0x00000000080004c8                __aeabi_dmul
                0x00000000080004c8                __muldf3
                0x000000000800071c                __aeabi_ddiv
                0x000000000800071c                __divdf3
 .text          0x00000000080008ec      0x110 /opt/st/stm32cubeide_1.6.1/plugins/com.st.stm32cube.ide.mcu.externaltools.gnu-tools-for-stm32.9-2020-q2-update.linux64_1.5.0.202011040924/tools/bin/../lib/gcc/arm-none-eabi/9.3.1/thumb/v7-m/nofp/libgcc.a(_arm_cmpdf2.o)
                0x00000000080008ec                __gtdf2
                0x00000000080008ec                __gedf2
                0x00000000080008f4                __ltdf2
                0x00000000080008f4                __ledf2
                0x00000000080008fc                __cmpdf2
                0x00000000080008fc                __eqdf2
                0x00000000080008fc                __nedf2
                0x0000000008000978                __aeabi_cdrcmple
                0x0000000008000988                __aeabi_cdcmple
                0x0000000008000988                __aeabi_cdcmpeq
                0x0000000008000998                __aeabi_dcmpeq
                0x00000000080009ac                __aeabi_dcmplt
                0x00000000080009c0                __aeabi_dcmple
                0x00000000080009d4                __aeabi_dcmpge
                0x00000000080009e8                __aeabi_dcmpgt
 .text          0x00000000080009fc       0x2c /opt/st/stm32cubeide_1.6.1/plugins/com.st.stm32cube.ide.mcu.externaltools.gnu-tools-for-stm32.9-2020-q2-update.linux64_1.5.0.202011040924/tools/bin/../lib/gcc/arm-none-eabi/9.3.1/thumb/v7-m/nofp/libgcc.a(_arm_unorddf2.o)
                0x00000000080009fc                __aeabi_dcmpun
                0x00000000080009fc                __unorddf2
 .text          0x0000000008000a28       0x40 /opt/st/stm32cubeide_1.6.1/plugins/com.st.stm32cube.ide.mcu.externaltools.gnu-tools-for-stm32.9-2020-q2-update.linux64_1.5.0.202011040924/tools/bin/../lib/gcc/arm-none-eabi/9.3.1/thumb/v7-m/nofp/libgcc.a(_arm_fixunsdfsi.o)
                0x0000000008000a28                __fixunsdfsi
                0x0000000008000a28                __aeabi_d2uiz
 *(.text*)
 .text.checkStatusTask
                0x0000000008000a68       0x3c Core/Src/app.o
                0x0000000008000a68                checkStatusTask
 .text.updateBoardTask
                0x0000000008000aa4       0x60 Core/Src/app.o
                0x0000000008000aa4                updateBoardTask
 .text.checkStatus
                0x0000000008000b04       0x40 Core/Src/app.o
                0x0000000008000b04                checkStatus
 .text.generateBoard
                0x0000000008000b44       0x4c Core/Src/app.o
                0x0000000008000b44                generateBoard
 .text.updateBoard
                0x0000000008000b90       0x74 Core/Src/app.o
                0x0000000008000b90                updateBoard
 .text.isAlive  0x0000000008000c04       0xce Core/Src/app.o
                0x0000000008000c04                isAlive
 .text.checkBorder
                0x0000000008000cd2       0x34 Core/Src/app.o
                0x0000000008000cd2                checkBorder
 *fill*         0x0000000008000d06        0x2 
 .text.xor32    0x0000000008000d08       0x44 Core/Src/app.o
                0x0000000008000d08                xor32
 .text.clearBoard
                0x0000000008000d4c       0x3e Core/Src/app.o
                0x0000000008000d4c                clearBoard
 .text.generateLine
                0x0000000008000d8a       0x5e Core/Src/app.o
                0x0000000008000d8a                generateLine
 .text.bin2dec  0x0000000008000de8       0x80 Core/Src/app.o
                0x0000000008000de8                bin2dec
 .text.vApplicationGetIdleTaskMemory
                0x0000000008000e68       0x30 Core/Src/freertos.o
                0x0000000008000e68                vApplicationGetIdleTaskMemory
 .text.main     0x0000000008000e98       0xdc Core/Src/main.o
                0x0000000008000e98                main
 .text.SystemClock_Config
                0x0000000008000f74       0x8a Core/Src/main.o
                0x0000000008000f74                SystemClock_Config
 *fill*         0x0000000008000ffe        0x2 
 .text.MX_SPI1_Init
                0x0000000008001000       0x70 Core/Src/main.o
 .text.MX_GPIO_Init
                0x0000000008001070       0xc0 Core/Src/main.o
 .text.StartDefaultTask
                0x0000000008001130       0x10 Core/Src/main.o
                0x0000000008001130                StartDefaultTask
 .text.HAL_TIM_PeriodElapsedCallback
                0x0000000008001140       0x24 Core/Src/main.o
                0x0000000008001140                HAL_TIM_PeriodElapsedCallback
 .text.Error_Handler
                0x0000000008001164        0xa Core/Src/main.o
                0x0000000008001164                Error_Handler
 *fill*         0x000000000800116e        0x2 
 .text.comando  0x0000000008001170       0x6c Core/Src/max7219.o
 .text.llenar_max7219
                0x00000000080011dc       0x36 Core/Src/max7219.o
                0x00000000080011dc                llenar_max7219
 .text.dibujar_max7219
                0x0000000008001212       0x38 Core/Src/max7219.o
                0x0000000008001212                dibujar_max7219
 *fill*         0x000000000800124a        0x2 
 .text.inicializar_max7219
                0x000000000800124c       0x64 Core/Src/max7219.o
                0x000000000800124c                inicializar_max7219
 .text.tarea_matriz
                0x00000000080012b0       0x40 Core/Src/max7219.o
                0x00000000080012b0                tarea_matriz
 .text.HAL_MspInit
                0x00000000080012f0       0x70 Core/Src/stm32f1xx_hal_msp.o
                0x00000000080012f0                HAL_MspInit
 .text.HAL_SPI_MspInit
                0x0000000008001360       0x94 Core/Src/stm32f1xx_hal_msp.o
                0x0000000008001360                HAL_SPI_MspInit
 .text.HAL_InitTick
                0x00000000080013f4       0xac Core/Src/stm32f1xx_hal_timebase_tim.o
                0x00000000080013f4                HAL_InitTick
 .text.NMI_Handler
                0x00000000080014a0        0x6 Core/Src/stm32f1xx_it.o
                0x00000000080014a0                NMI_Handler
 .text.HardFault_Handler
                0x00000000080014a6        0x6 Core/Src/stm32f1xx_it.o
                0x00000000080014a6                HardFault_Handler
 .text.MemManage_Handler
                0x00000000080014ac        0x6 Core/Src/stm32f1xx_it.o
                0x00000000080014ac                MemManage_Handler
 .text.BusFault_Handler
                0x00000000080014b2        0x6 Core/Src/stm32f1xx_it.o
                0x00000000080014b2                BusFault_Handler
 .text.UsageFault_Handler
                0x00000000080014b8        0x6 Core/Src/stm32f1xx_it.o
                0x00000000080014b8                UsageFault_Handler
 .text.DebugMon_Handler
                0x00000000080014be        0xc Core/Src/stm32f1xx_it.o
                0x00000000080014be                DebugMon_Handler
 *fill*         0x00000000080014ca        0x2 
 .text.TIM1_UP_IRQHandler
                0x00000000080014cc       0x14 Core/Src/stm32f1xx_it.o
                0x00000000080014cc                TIM1_UP_IRQHandler
 .text.SystemInit
                0x00000000080014e0        0xc Core/Src/system_stm32f1xx.o
                0x00000000080014e0                SystemInit
 .text.Reset_Handler
                0x00000000080014ec       0x48 Core/Startup/startup_stm32f103c8tx.o
                0x00000000080014ec                Reset_Handler
 .text.Default_Handler
                0x0000000008001534        0x2 Core/Startup/startup_stm32f103c8tx.o
                0x0000000008001534                RTC_Alarm_IRQHandler
                0x0000000008001534                EXTI2_IRQHandler
                0x0000000008001534                TIM1_CC_IRQHandler
                0x0000000008001534                PVD_IRQHandler
                0x0000000008001534                EXTI3_IRQHandler
                0x0000000008001534                EXTI0_IRQHandler
                0x0000000008001534                I2C2_EV_IRQHandler
                0x0000000008001534                ADC1_2_IRQHandler
                0x0000000008001534                SPI1_IRQHandler
                0x0000000008001534                TAMPER_IRQHandler
                0x0000000008001534                DMA1_Channel4_IRQHandler
                0x0000000008001534                USART3_IRQHandler
                0x0000000008001534                RTC_IRQHandler
                0x0000000008001534                DMA1_Channel7_IRQHandler
                0x0000000008001534                CAN1_RX1_IRQHandler
                0x0000000008001534                TIM4_IRQHandler
                0x0000000008001534                I2C1_EV_IRQHandler
                0x0000000008001534                DMA1_Channel6_IRQHandler
                0x0000000008001534                TIM3_IRQHandler
                0x0000000008001534                RCC_IRQHandler
                0x0000000008001534                TIM1_TRG_COM_IRQHandler
                0x0000000008001534                DMA1_Channel1_IRQHandler
                0x0000000008001534                Default_Handler
                0x0000000008001534                EXTI15_10_IRQHandler
                0x0000000008001534                EXTI9_5_IRQHandler
                0x0000000008001534                SPI2_IRQHandler
                0x0000000008001534                DMA1_Channel5_IRQHandler
                0x0000000008001534                EXTI4_IRQHandler
                0x0000000008001534                USB_LP_CAN1_RX0_IRQHandler
                0x0000000008001534                USB_HP_CAN1_TX_IRQHandler
                0x0000000008001534                DMA1_Channel3_IRQHandler
                0x0000000008001534                WWDG_IRQHandler
                0x0000000008001534                TIM2_IRQHandler
                0x0000000008001534                TIM1_BRK_IRQHandler
                0x0000000008001534                EXTI1_IRQHandler
                0x0000000008001534                USART2_IRQHandler
                0x0000000008001534                I2C2_ER_IRQHandler
                0x0000000008001534                DMA1_Channel2_IRQHandler
                0x0000000008001534                CAN1_SCE_IRQHandler
                0x0000000008001534                FLASH_IRQHandler
                0x0000000008001534                USART1_IRQHandler
                0x0000000008001534                I2C1_ER_IRQHandler
                0x0000000008001534                USBWakeUp_IRQHandler
 *fill*         0x0000000008001536        0x2 
 .text.HAL_Init
                0x0000000008001538       0x2c Drivers/STM32F1xx_HAL_Driver/Src/stm32f1xx_hal.o
                0x0000000008001538                HAL_Init
 .text.HAL_IncTick
                0x0000000008001564       0x24 Drivers/STM32F1xx_HAL_Driver/Src/stm32f1xx_hal.o
                0x0000000008001564                HAL_IncTick
 .text.HAL_GetTick
                0x0000000008001588       0x14 Drivers/STM32F1xx_HAL_Driver/Src/stm32f1xx_hal.o
                0x0000000008001588                HAL_GetTick
 .text.HAL_Delay
                0x000000000800159c       0x48 Drivers/STM32F1xx_HAL_Driver/Src/stm32f1xx_hal.o
                0x000000000800159c                HAL_Delay
 .text.__NVIC_SetPriorityGrouping
                0x00000000080015e4       0x48 Drivers/STM32F1xx_HAL_Driver/Src/stm32f1xx_hal_cortex.o
 .text.__NVIC_GetPriorityGrouping
                0x000000000800162c       0x1c Drivers/STM32F1xx_HAL_Driver/Src/stm32f1xx_hal_cortex.o
 .text.__NVIC_EnableIRQ
                0x0000000008001648       0x38 Drivers/STM32F1xx_HAL_Driver/Src/stm32f1xx_hal_cortex.o
 .text.__NVIC_SetPriority
                0x0000000008001680       0x54 Drivers/STM32F1xx_HAL_Driver/Src/stm32f1xx_hal_cortex.o
 .text.NVIC_EncodePriority
                0x00000000080016d4       0x64 Drivers/STM32F1xx_HAL_Driver/Src/stm32f1xx_hal_cortex.o
 .text.HAL_NVIC_SetPriorityGrouping
                0x0000000008001738       0x16 Drivers/STM32F1xx_HAL_Driver/Src/stm32f1xx_hal_cortex.o
                0x0000000008001738                HAL_NVIC_SetPriorityGrouping
 .text.HAL_NVIC_SetPriority
                0x000000000800174e       0x38 Drivers/STM32F1xx_HAL_Driver/Src/stm32f1xx_hal_cortex.o
                0x000000000800174e                HAL_NVIC_SetPriority
 .text.HAL_NVIC_EnableIRQ
                0x0000000008001786       0x1c Drivers/STM32F1xx_HAL_Driver/Src/stm32f1xx_hal_cortex.o
                0x0000000008001786                HAL_NVIC_EnableIRQ
 *fill*         0x00000000080017a2        0x2 
 .text.HAL_GPIO_Init
                0x00000000080017a4      0x308 Drivers/STM32F1xx_HAL_Driver/Src/stm32f1xx_hal_gpio.o
                0x00000000080017a4                HAL_GPIO_Init
 .text.HAL_GPIO_WritePin
                0x0000000008001aac       0x30 Drivers/STM32F1xx_HAL_Driver/Src/stm32f1xx_hal_gpio.o
                0x0000000008001aac                HAL_GPIO_WritePin
 .text.HAL_RCC_OscConfig
                0x0000000008001adc      0x500 Drivers/STM32F1xx_HAL_Driver/Src/stm32f1xx_hal_rcc.o
                0x0000000008001adc                HAL_RCC_OscConfig
 .text.HAL_RCC_ClockConfig
                0x0000000008001fdc      0x1d4 Drivers/STM32F1xx_HAL_Driver/Src/stm32f1xx_hal_rcc.o
                0x0000000008001fdc                HAL_RCC_ClockConfig
 .text.HAL_RCC_GetSysClockFreq
                0x00000000080021b0       0xc0 Drivers/STM32F1xx_HAL_Driver/Src/stm32f1xx_hal_rcc.o
                0x00000000080021b0                HAL_RCC_GetSysClockFreq
 .text.HAL_RCC_GetHCLKFreq
                0x0000000008002270       0x14 Drivers/STM32F1xx_HAL_Driver/Src/stm32f1xx_hal_rcc.o
                0x0000000008002270                HAL_RCC_GetHCLKFreq
 .text.HAL_RCC_GetPCLK2Freq
                0x0000000008002284       0x28 Drivers/STM32F1xx_HAL_Driver/Src/stm32f1xx_hal_rcc.o
                0x0000000008002284                HAL_RCC_GetPCLK2Freq
 .text.HAL_RCC_GetClockConfig
                0x00000000080022ac       0x60 Drivers/STM32F1xx_HAL_Driver/Src/stm32f1xx_hal_rcc.o
                0x00000000080022ac                HAL_RCC_GetClockConfig
 .text.RCC_Delay
                0x000000000800230c       0x3c Drivers/STM32F1xx_HAL_Driver/Src/stm32f1xx_hal_rcc.o
 .text.HAL_SPI_Init
                0x0000000008002348      0x108 Drivers/STM32F1xx_HAL_Driver/Src/stm32f1xx_hal_spi.o
                0x0000000008002348                HAL_SPI_Init
 .text.HAL_SPI_Transmit
                0x0000000008002450      0x278 Drivers/STM32F1xx_HAL_Driver/Src/stm32f1xx_hal_spi.o
                0x0000000008002450                HAL_SPI_Transmit
 .text.SPI_WaitFlagStateUntilTimeout
                0x00000000080026c8      0x110 Drivers/STM32F1xx_HAL_Driver/Src/stm32f1xx_hal_spi.o
 .text.SPI_EndRxTxTransaction
                0x00000000080027d8       0x3c Drivers/STM32F1xx_HAL_Driver/Src/stm32f1xx_hal_spi.o
 .text.HAL_TIM_Base_Init
                0x0000000008002814       0x9e Drivers/STM32F1xx_HAL_Driver/Src/stm32f1xx_hal_tim.o
                0x0000000008002814                HAL_TIM_Base_Init
 .text.HAL_TIM_Base_MspInit
                0x00000000080028b2       0x12 Drivers/STM32F1xx_HAL_Driver/Src/stm32f1xx_hal_tim.o
                0x00000000080028b2                HAL_TIM_Base_MspInit
 .text.HAL_TIM_Base_Start_IT
                0x00000000080028c4       0xa4 Drivers/STM32F1xx_HAL_Driver/Src/stm32f1xx_hal_tim.o
                0x00000000080028c4                HAL_TIM_Base_Start_IT
 .text.HAL_TIM_IRQHandler
                0x0000000008002968      0x210 Drivers/STM32F1xx_HAL_Driver/Src/stm32f1xx_hal_tim.o
                0x0000000008002968                HAL_TIM_IRQHandler
 .text.HAL_TIM_OC_DelayElapsedCallback
                0x0000000008002b78       0x12 Drivers/STM32F1xx_HAL_Driver/Src/stm32f1xx_hal_tim.o
                0x0000000008002b78                HAL_TIM_OC_DelayElapsedCallback
 .text.HAL_TIM_IC_CaptureCallback
                0x0000000008002b8a       0x12 Drivers/STM32F1xx_HAL_Driver/Src/stm32f1xx_hal_tim.o
                0x0000000008002b8a                HAL_TIM_IC_CaptureCallback
 .text.HAL_TIM_PWM_PulseFinishedCallback
                0x0000000008002b9c       0x12 Drivers/STM32F1xx_HAL_Driver/Src/stm32f1xx_hal_tim.o
                0x0000000008002b9c                HAL_TIM_PWM_PulseFinishedCallback
 .text.HAL_TIM_TriggerCallback
                0x0000000008002bae       0x12 Drivers/STM32F1xx_HAL_Driver/Src/stm32f1xx_hal_tim.o
                0x0000000008002bae                HAL_TIM_TriggerCallback
 .text.TIM_Base_SetConfig
                0x0000000008002bc0       0xc4 Drivers/STM32F1xx_HAL_Driver/Src/stm32f1xx_hal_tim.o
                0x0000000008002bc0                TIM_Base_SetConfig
 .text.HAL_TIMEx_CommutCallback
                0x0000000008002c84       0x12 Drivers/STM32F1xx_HAL_Driver/Src/stm32f1xx_hal_tim_ex.o
                0x0000000008002c84                HAL_TIMEx_CommutCallback
 .text.HAL_TIMEx_BreakCallback
                0x0000000008002c96       0x12 Drivers/STM32F1xx_HAL_Driver/Src/stm32f1xx_hal_tim_ex.o
                0x0000000008002c96                HAL_TIMEx_BreakCallback
 .text.makeFreeRtosPriority
                0x0000000008002ca8       0x2e Middlewares/Third_Party/FreeRTOS/Source/CMSIS_RTOS/cmsis_os.o
 .text.osKernelStart
                0x0000000008002cd6        0xe Middlewares/Third_Party/FreeRTOS/Source/CMSIS_RTOS/cmsis_os.o
                0x0000000008002cd6                osKernelStart
 .text.osThreadCreate
                0x0000000008002ce4       0x98 Middlewares/Third_Party/FreeRTOS/Source/CMSIS_RTOS/cmsis_os.o
                0x0000000008002ce4                osThreadCreate
 .text.osDelay  0x0000000008002d7c       0x28 Middlewares/Third_Party/FreeRTOS/Source/CMSIS_RTOS/cmsis_os.o
                0x0000000008002d7c                osDelay
 .text.vListInitialise
                0x0000000008002da4       0x3e Middlewares/Third_Party/FreeRTOS/Source/list.o
                0x0000000008002da4                vListInitialise
 .text.vListInitialiseItem
                0x0000000008002de2       0x18 Middlewares/Third_Party/FreeRTOS/Source/list.o
                0x0000000008002de2                vListInitialiseItem
 .text.vListInsertEnd
                0x0000000008002dfa       0x46 Middlewares/Third_Party/FreeRTOS/Source/list.o
                0x0000000008002dfa                vListInsertEnd
 .text.vListInsert
                0x0000000008002e40       0x70 Middlewares/Third_Party/FreeRTOS/Source/list.o
                0x0000000008002e40                vListInsert
 .text.uxListRemove
                0x0000000008002eb0       0x52 Middlewares/Third_Party/FreeRTOS/Source/list.o
                0x0000000008002eb0                uxListRemove
 *fill*         0x0000000008002f02        0x2 
 .text.xQueueGenericReset
                0x0000000008002f04       0xd0 Middlewares/Third_Party/FreeRTOS/Source/queue.o
                0x0000000008002f04                xQueueGenericReset
 .text.xQueueGenericCreate
                0x0000000008002fd4       0x7c Middlewares/Third_Party/FreeRTOS/Source/queue.o
                0x0000000008002fd4                xQueueGenericCreate
 .text.prvInitialiseNewQueue
                0x0000000008003050       0x3e Middlewares/Third_Party/FreeRTOS/Source/queue.o
 .text.prvInitialiseMutex
                0x000000000800308e       0x34 Middlewares/Third_Party/FreeRTOS/Source/queue.o
 .text.xQueueCreateMutex
                0x00000000080030c2       0x30 Middlewares/Third_Party/FreeRTOS/Source/queue.o
                0x00000000080030c2                xQueueCreateMutex
 *fill*         0x00000000080030f2        0x2 
 .text.xQueueGenericSend
                0x00000000080030f4      0x1fc Middlewares/Third_Party/FreeRTOS/Source/queue.o
                0x00000000080030f4                xQueueGenericSend
 .text.xQueueSemaphoreTake
                0x00000000080032f0      0x218 Middlewares/Third_Party/FreeRTOS/Source/queue.o
                0x00000000080032f0                xQueueSemaphoreTake
 .text.prvGetDisinheritPriorityAfterTimeout
                0x0000000008003508       0x2e Middlewares/Third_Party/FreeRTOS/Source/queue.o
 .text.prvCopyDataToQueue
                0x0000000008003536       0xd4 Middlewares/Third_Party/FreeRTOS/Source/queue.o
 .text.prvUnlockQueue
                0x000000000800360a       0xa4 Middlewares/Third_Party/FreeRTOS/Source/queue.o
 .text.prvIsQueueEmpty
                0x00000000080036ae       0x2c Middlewares/Third_Party/FreeRTOS/Source/queue.o
 .text.prvIsQueueFull
                0x00000000080036da       0x30 Middlewares/Third_Party/FreeRTOS/Source/queue.o
 .text.xTaskCreateStatic
                0x000000000800370a       0xb8 Middlewares/Third_Party/FreeRTOS/Source/tasks.o
                0x000000000800370a                xTaskCreateStatic
 .text.xTaskCreate
                0x00000000080037c2       0x8a Middlewares/Third_Party/FreeRTOS/Source/tasks.o
                0x00000000080037c2                xTaskCreate
 .text.prvInitialiseNewTask
                0x000000000800384c       0xfe Middlewares/Third_Party/FreeRTOS/Source/tasks.o
 *fill*         0x000000000800394a        0x2 
 .text.prvAddNewTaskToReadyList
                0x000000000800394c       0xd4 Middlewares/Third_Party/FreeRTOS/Source/tasks.o
 .text.vTaskDelay
                0x0000000008003a20       0x68 Middlewares/Third_Party/FreeRTOS/Source/tasks.o
                0x0000000008003a20                vTaskDelay
 .text.vTaskStartScheduler
                0x0000000008003a88       0xc0 Middlewares/Third_Party/FreeRTOS/Source/tasks.o
                0x0000000008003a88                vTaskStartScheduler
 .text.vTaskSuspendAll
                0x0000000008003b48       0x1c Middlewares/Third_Party/FreeRTOS/Source/tasks.o
                0x0000000008003b48                vTaskSuspendAll
 .text.xTaskResumeAll
                0x0000000008003b64      0x138 Middlewares/Third_Party/FreeRTOS/Source/tasks.o
                0x0000000008003b64                xTaskResumeAll
 .text.xTaskIncrementTick
                0x0000000008003c9c      0x17c Middlewares/Third_Party/FreeRTOS/Source/tasks.o
                0x0000000008003c9c                xTaskIncrementTick
 .text.vTaskSwitchContext
                0x0000000008003e18       0xb4 Middlewares/Third_Party/FreeRTOS/Source/tasks.o
                0x0000000008003e18                vTaskSwitchContext
 .text.vTaskPlaceOnEventList
                0x0000000008003ecc       0x48 Middlewares/Third_Party/FreeRTOS/Source/tasks.o
                0x0000000008003ecc                vTaskPlaceOnEventList
 .text.xTaskRemoveFromEventList
                0x0000000008003f14       0xc4 Middlewares/Third_Party/FreeRTOS/Source/tasks.o
                0x0000000008003f14                xTaskRemoveFromEventList
 .text.vTaskInternalSetTimeOutState
                0x0000000008003fd8       0x2c Middlewares/Third_Party/FreeRTOS/Source/tasks.o
                0x0000000008003fd8                vTaskInternalSetTimeOutState
 .text.xTaskCheckForTimeOut
                0x0000000008004004       0xc4 Middlewares/Third_Party/FreeRTOS/Source/tasks.o
                0x0000000008004004                xTaskCheckForTimeOut
 .text.vTaskMissedYield
                0x00000000080040c8       0x18 Middlewares/Third_Party/FreeRTOS/Source/tasks.o
                0x00000000080040c8                vTaskMissedYield
 .text.prvIdleTask
                0x00000000080040e0       0x30 Middlewares/Third_Party/FreeRTOS/Source/tasks.o
 .text.prvInitialiseTaskLists
                0x0000000008004110       0x80 Middlewares/Third_Party/FreeRTOS/Source/tasks.o
 .text.prvCheckTasksWaitingTermination
                0x0000000008004190       0x5c Middlewares/Third_Party/FreeRTOS/Source/tasks.o
 .text.prvDeleteTCB
                0x00000000080041ec       0x5e Middlewares/Third_Party/FreeRTOS/Source/tasks.o
 *fill*         0x000000000800424a        0x2 
 .text.prvResetNextTaskUnblockTime
                0x000000000800424c       0x48 Middlewares/Third_Party/FreeRTOS/Source/tasks.o
 .text.xTaskGetSchedulerState
                0x0000000008004294       0x3c Middlewares/Third_Party/FreeRTOS/Source/tasks.o
                0x0000000008004294                xTaskGetSchedulerState
 .text.xTaskPriorityInherit
                0x00000000080042d0      0x10c Middlewares/Third_Party/FreeRTOS/Source/tasks.o
                0x00000000080042d0                xTaskPriorityInherit
 .text.xTaskPriorityDisinherit
                0x00000000080043dc      0x10c Middlewares/Third_Party/FreeRTOS/Source/tasks.o
                0x00000000080043dc                xTaskPriorityDisinherit
 .text.vTaskPriorityDisinheritAfterTimeout
                0x00000000080044e8      0x140 Middlewares/Third_Party/FreeRTOS/Source/tasks.o
                0x00000000080044e8                vTaskPriorityDisinheritAfterTimeout
 .text.pvTaskIncrementMutexHeldCount
                0x0000000008004628       0x28 Middlewares/Third_Party/FreeRTOS/Source/tasks.o
                0x0000000008004628                pvTaskIncrementMutexHeldCount
 .text.prvAddCurrentTaskToDelayedList
                0x0000000008004650       0xcc Middlewares/Third_Party/FreeRTOS/Source/tasks.o
 .text.pxPortInitialiseStack
                0x000000000800471c       0x58 Middlewares/Third_Party/FreeRTOS/Source/portable/GCC/ARM_CM3/port.o
                0x000000000800471c                pxPortInitialiseStack
 .text.prvTaskExitError
                0x0000000008004774       0x58 Middlewares/Third_Party/FreeRTOS/Source/portable/GCC/ARM_CM3/port.o
 *fill*         0x00000000080047cc        0x4 
 .text.SVC_Handler
                0x00000000080047d0       0x28 Middlewares/Third_Party/FreeRTOS/Source/portable/GCC/ARM_CM3/port.o
                0x00000000080047d0                SVC_Handler
 .text.prvPortStartFirstTask
                0x00000000080047f8       0x20 Middlewares/Third_Party/FreeRTOS/Source/portable/GCC/ARM_CM3/port.o
 .text.xPortStartScheduler
                0x0000000008004818       0xe4 Middlewares/Third_Party/FreeRTOS/Source/portable/GCC/ARM_CM3/port.o
                0x0000000008004818                xPortStartScheduler
 .text.vPortEnterCritical
                0x00000000080048fc       0x60 Middlewares/Third_Party/FreeRTOS/Source/portable/GCC/ARM_CM3/port.o
                0x00000000080048fc                vPortEnterCritical
 .text.vPortExitCritical
                0x000000000800495c       0x50 Middlewares/Third_Party/FreeRTOS/Source/portable/GCC/ARM_CM3/port.o
                0x000000000800495c                vPortExitCritical
 *fill*         0x00000000080049ac        0x4 
 .text.PendSV_Handler
                0x00000000080049b0       0x48 Middlewares/Third_Party/FreeRTOS/Source/portable/GCC/ARM_CM3/port.o
                0x00000000080049b0                PendSV_Handler
 .text.SysTick_Handler
                0x00000000080049f8       0x44 Middlewares/Third_Party/FreeRTOS/Source/portable/GCC/ARM_CM3/port.o
                0x00000000080049f8                SysTick_Handler
 .text.vPortSetupTimerInterrupt
                0x0000000008004a3c       0x44 Middlewares/Third_Party/FreeRTOS/Source/portable/GCC/ARM_CM3/port.o
                0x0000000008004a3c                vPortSetupTimerInterrupt
 .text.pvPortMalloc
                0x0000000008004a80      0x188 Middlewares/Third_Party/FreeRTOS/Source/portable/MemMang/heap_4.o
                0x0000000008004a80                pvPortMalloc
 .text.vPortFree
                0x0000000008004c08       0xb4 Middlewares/Third_Party/FreeRTOS/Source/portable/MemMang/heap_4.o
                0x0000000008004c08                vPortFree
 .text.prvHeapInit
                0x0000000008004cbc       0xc4 Middlewares/Third_Party/FreeRTOS/Source/portable/MemMang/heap_4.o
 .text.prvInsertBlockIntoFreeList
                0x0000000008004d80       0xb0 Middlewares/Third_Party/FreeRTOS/Source/portable/MemMang/heap_4.o
 .text.__errno  0x0000000008004e30        0xc /opt/st/stm32cubeide_1.6.1/plugins/com.st.stm32cube.ide.mcu.externaltools.gnu-tools-for-stm32.9-2020-q2-update.linux64_1.5.0.202011040924/tools/bin/../lib/gcc/arm-none-eabi/9.3.1/../../../../arm-none-eabi/lib/thumb/v7-m/nofp/libc_nano.a(lib_a-errno.o)
                0x0000000008004e30                __errno
 .text.__libc_init_array
                0x0000000008004e3c       0x48 /opt/st/stm32cubeide_1.6.1/plugins/com.st.stm32cube.ide.mcu.externaltools.gnu-tools-for-stm32.9-2020-q2-update.linux64_1.5.0.202011040924/tools/bin/../lib/gcc/arm-none-eabi/9.3.1/../../../../arm-none-eabi/lib/thumb/v7-m/nofp/libc_nano.a(lib_a-init.o)
                0x0000000008004e3c                __libc_init_array
 .text.memcpy   0x0000000008004e84       0x1c /opt/st/stm32cubeide_1.6.1/plugins/com.st.stm32cube.ide.mcu.externaltools.gnu-tools-for-stm32.9-2020-q2-update.linux64_1.5.0.202011040924/tools/bin/../lib/gcc/arm-none-eabi/9.3.1/../../../../arm-none-eabi/lib/thumb/v7-m/nofp/libc_nano.a(lib_a-memcpy-stub.o)
                0x0000000008004e84                memcpy
 .text.memset   0x0000000008004ea0       0x10 /opt/st/stm32cubeide_1.6.1/plugins/com.st.stm32cube.ide.mcu.externaltools.gnu-tools-for-stm32.9-2020-q2-update.linux64_1.5.0.202011040924/tools/bin/../lib/gcc/arm-none-eabi/9.3.1/../../../../arm-none-eabi/lib/thumb/v7-m/nofp/libc_nano.a(lib_a-memset.o)
                0x0000000008004ea0                memset
 .text.pow      0x0000000008004eb0      0x158 /opt/st/stm32cubeide_1.6.1/plugins/com.st.stm32cube.ide.mcu.externaltools.gnu-tools-for-stm32.9-2020-q2-update.linux64_1.5.0.202011040924/tools/bin/../lib/gcc/arm-none-eabi/9.3.1/../../../../arm-none-eabi/lib/thumb/v7-m/nofp/libm.a(lib_a-w_pow.o)
                0x0000000008004eb0                pow
 .text.__ieee754_pow
                0x0000000008005008      0xa2c /opt/st/stm32cubeide_1.6.1/plugins/com.st.stm32cube.ide.mcu.externaltools.gnu-tools-for-stm32.9-2020-q2-update.linux64_1.5.0.202011040924/tools/bin/../lib/gcc/arm-none-eabi/9.3.1/../../../../arm-none-eabi/lib/thumb/v7-m/nofp/libm.a(lib_a-e_pow.o)
                0x0000000008005008                __ieee754_pow
 .text.__ieee754_sqrt
                0x0000000008005a34      0x158 /opt/st/stm32cubeide_1.6.1/plugins/com.st.stm32cube.ide.mcu.externaltools.gnu-tools-for-stm32.9-2020-q2-update.linux64_1.5.0.202011040924/tools/bin/../lib/gcc/arm-none-eabi/9.3.1/../../../../arm-none-eabi/lib/thumb/v7-m/nofp/libm.a(lib_a-e_sqrt.o)
                0x0000000008005a34                __ieee754_sqrt
 .text.fabs     0x0000000008005b8c        0x6 /opt/st/stm32cubeide_1.6.1/plugins/com.st.stm32cube.ide.mcu.externaltools.gnu-tools-for-stm32.9-2020-q2-update.linux64_1.5.0.202011040924/tools/bin/../lib/gcc/arm-none-eabi/9.3.1/../../../../arm-none-eabi/lib/thumb/v7-m/nofp/libm.a(lib_a-s_fabs.o)
                0x0000000008005b8c                fabs
 .text.finite   0x0000000008005b92        0xc /opt/st/stm32cubeide_1.6.1/plugins/com.st.stm32cube.ide.mcu.externaltools.gnu-tools-for-stm32.9-2020-q2-update.linux64_1.5.0.202011040924/tools/bin/../lib/gcc/arm-none-eabi/9.3.1/../../../../arm-none-eabi/lib/thumb/v7-m/nofp/libm.a(lib_a-s_finite.o)
                0x0000000008005b92                finite
 *fill*         0x0000000008005b9e        0x2 
 .text.nan      0x0000000008005ba0        0xc /opt/st/stm32cubeide_1.6.1/plugins/com.st.stm32cube.ide.mcu.externaltools.gnu-tools-for-stm32.9-2020-q2-update.linux64_1.5.0.202011040924/tools/bin/../lib/gcc/arm-none-eabi/9.3.1/../../../../arm-none-eabi/lib/thumb/v7-m/nofp/libm.a(lib_a-s_nan.o)
                0x0000000008005ba0                nan
 .text.rint     0x0000000008005bac      0x114 /opt/st/stm32cubeide_1.6.1/plugins/com.st.stm32cube.ide.mcu.externaltools.gnu-tools-for-stm32.9-2020-q2-update.linux64_1.5.0.202011040924/tools/bin/../lib/gcc/arm-none-eabi/9.3.1/../../../../arm-none-eabi/lib/thumb/v7-m/nofp/libm.a(lib_a-s_rint.o)
                0x0000000008005bac                rint
 .text.scalbn   0x0000000008005cc0      0x10c /opt/st/stm32cubeide_1.6.1/plugins/com.st.stm32cube.ide.mcu.externaltools.gnu-tools-for-stm32.9-2020-q2-update.linux64_1.5.0.202011040924/tools/bin/../lib/gcc/arm-none-eabi/9.3.1/../../../../arm-none-eabi/lib/thumb/v7-m/nofp/libm.a(lib_a-s_scalbn.o)
                0x0000000008005cc0                scalbn
 *(.glue_7)
 .glue_7        0x0000000008005dcc        0x0 linker stubs
 *(.glue_7t)
 .glue_7t       0x0000000008005dcc        0x0 linker stubs
 *(.eh_frame)
 .eh_frame      0x0000000008005dcc        0x0 /opt/st/stm32cubeide_1.6.1/plugins/com.st.stm32cube.ide.mcu.externaltools.gnu-tools-for-stm32.9-2020-q2-update.linux64_1.5.0.202011040924/tools/bin/../lib/gcc/arm-none-eabi/9.3.1/thumb/v7-m/nofp/crtbegin.o
 *(.init)
 .init          0x0000000008005dcc        0x4 /opt/st/stm32cubeide_1.6.1/plugins/com.st.stm32cube.ide.mcu.externaltools.gnu-tools-for-stm32.9-2020-q2-update.linux64_1.5.0.202011040924/tools/bin/../lib/gcc/arm-none-eabi/9.3.1/thumb/v7-m/nofp/crti.o
                0x0000000008005dcc                _init
 .init          0x0000000008005dd0        0x8 /opt/st/stm32cubeide_1.6.1/plugins/com.st.stm32cube.ide.mcu.externaltools.gnu-tools-for-stm32.9-2020-q2-update.linux64_1.5.0.202011040924/tools/bin/../lib/gcc/arm-none-eabi/9.3.1/thumb/v7-m/nofp/crtn.o
 *(.fini)
 .fini          0x0000000008005dd8        0x4 /opt/st/stm32cubeide_1.6.1/plugins/com.st.stm32cube.ide.mcu.externaltools.gnu-tools-for-stm32.9-2020-q2-update.linux64_1.5.0.202011040924/tools/bin/../lib/gcc/arm-none-eabi/9.3.1/thumb/v7-m/nofp/crti.o
                0x0000000008005dd8                _fini
 .fini          0x0000000008005ddc        0x8 /opt/st/stm32cubeide_1.6.1/plugins/com.st.stm32cube.ide.mcu.externaltools.gnu-tools-for-stm32.9-2020-q2-update.linux64_1.5.0.202011040924/tools/bin/../lib/gcc/arm-none-eabi/9.3.1/thumb/v7-m/nofp/crtn.o
                0x0000000008005de4                . = ALIGN (0x4)
                0x0000000008005de4                _etext = .

.vfp11_veneer   0x0000000008005de4        0x0
 .vfp11_veneer  0x0000000008005de4        0x0 linker stubs

.v4_bx          0x0000000008005de4        0x0
 .v4_bx         0x0000000008005de4        0x0 linker stubs

.iplt           0x0000000008005de4        0x0
 .iplt          0x0000000008005de4        0x0 /opt/st/stm32cubeide_1.6.1/plugins/com.st.stm32cube.ide.mcu.externaltools.gnu-tools-for-stm32.9-2020-q2-update.linux64_1.5.0.202011040924/tools/bin/../lib/gcc/arm-none-eabi/9.3.1/thumb/v7-m/nofp/crtbegin.o

.rodata         0x0000000008005de8       0xc8
                0x0000000008005de8                . = ALIGN (0x4)
 *(.rodata)
 .rodata        0x0000000008005de8       0x50 Core/Src/main.o
 .rodata        0x0000000008005e38       0x10 Drivers/STM32F1xx_HAL_Driver/Src/stm32f1xx_hal_rcc.o
 .rodata        0x0000000008005e48        0x5 Middlewares/Third_Party/FreeRTOS/Source/tasks.o
 *(.rodata*)
 *fill*         0x0000000008005e4d        0x3 
 .rodata.AHBPrescTable
                0x0000000008005e50       0x10 Core/Src/system_stm32f1xx.o
                0x0000000008005e50                AHBPrescTable
 .rodata.APBPrescTable
                0x0000000008005e60        0x8 Core/Src/system_stm32f1xx.o
                0x0000000008005e60                APBPrescTable
 .rodata.__ieee754_pow.str1.1
                0x0000000008005e68        0x1 /opt/st/stm32cubeide_1.6.1/plugins/com.st.stm32cube.ide.mcu.externaltools.gnu-tools-for-stm32.9-2020-q2-update.linux64_1.5.0.202011040924/tools/bin/../lib/gcc/arm-none-eabi/9.3.1/../../../../arm-none-eabi/lib/thumb/v7-m/nofp/libm.a(lib_a-e_pow.o)
 *fill*         0x0000000008005e69        0x7 
 .rodata.bp     0x0000000008005e70       0x10 /opt/st/stm32cubeide_1.6.1/plugins/com.st.stm32cube.ide.mcu.externaltools.gnu-tools-for-stm32.9-2020-q2-update.linux64_1.5.0.202011040924/tools/bin/../lib/gcc/arm-none-eabi/9.3.1/../../../../arm-none-eabi/lib/thumb/v7-m/nofp/libm.a(lib_a-e_pow.o)
 .rodata.dp_h   0x0000000008005e80       0x10 /opt/st/stm32cubeide_1.6.1/plugins/com.st.stm32cube.ide.mcu.externaltools.gnu-tools-for-stm32.9-2020-q2-update.linux64_1.5.0.202011040924/tools/bin/../lib/gcc/arm-none-eabi/9.3.1/../../../../arm-none-eabi/lib/thumb/v7-m/nofp/libm.a(lib_a-e_pow.o)
 .rodata.dp_l   0x0000000008005e90       0x10 /opt/st/stm32cubeide_1.6.1/plugins/com.st.stm32cube.ide.mcu.externaltools.gnu-tools-for-stm32.9-2020-q2-update.linux64_1.5.0.202011040924/tools/bin/../lib/gcc/arm-none-eabi/9.3.1/../../../../arm-none-eabi/lib/thumb/v7-m/nofp/libm.a(lib_a-e_pow.o)
 .rodata.TWO52  0x0000000008005ea0       0x10 /opt/st/stm32cubeide_1.6.1/plugins/com.st.stm32cube.ide.mcu.externaltools.gnu-tools-for-stm32.9-2020-q2-update.linux64_1.5.0.202011040924/tools/bin/../lib/gcc/arm-none-eabi/9.3.1/../../../../arm-none-eabi/lib/thumb/v7-m/nofp/libm.a(lib_a-s_rint.o)
                0x0000000008005eb0                . = ALIGN (0x4)

.rel.dyn        0x0000000008005eb0        0x0
 .rel.iplt      0x0000000008005eb0        0x0 /opt/st/stm32cubeide_1.6.1/plugins/com.st.stm32cube.ide.mcu.externaltools.gnu-tools-for-stm32.9-2020-q2-update.linux64_1.5.0.202011040924/tools/bin/../lib/gcc/arm-none-eabi/9.3.1/thumb/v7-m/nofp/crtbegin.o

.ARM.extab      0x0000000008005eb0        0x0
                0x0000000008005eb0                . = ALIGN (0x4)
 *(.ARM.extab* .gnu.linkonce.armextab.*)
                0x0000000008005eb0                . = ALIGN (0x4)

.ARM            0x0000000008005eb0        0x0
                0x0000000008005eb0                . = ALIGN (0x4)
                0x0000000008005eb0                __exidx_start = .
 *(.ARM.exidx*)
                0x0000000008005eb0                __exidx_end = .
                0x0000000008005eb0                . = ALIGN (0x4)

.preinit_array  0x0000000008005eb0        0x0
                0x0000000008005eb0                . = ALIGN (0x4)
                0x0000000008005eb0                PROVIDE (__preinit_array_start = .)
 *(.preinit_array*)
                0x0000000008005eb0                PROVIDE (__preinit_array_end = .)
                0x0000000008005eb0                . = ALIGN (0x4)

.init_array     0x0000000008005eb0        0x4
                0x0000000008005eb0                . = ALIGN (0x4)
                0x0000000008005eb0                PROVIDE (__init_array_start = .)
 *(SORT_BY_NAME(.init_array.*))
 *(.init_array*)
 .init_array    0x0000000008005eb0        0x4 /opt/st/stm32cubeide_1.6.1/plugins/com.st.stm32cube.ide.mcu.externaltools.gnu-tools-for-stm32.9-2020-q2-update.linux64_1.5.0.202011040924/tools/bin/../lib/gcc/arm-none-eabi/9.3.1/thumb/v7-m/nofp/crtbegin.o
                0x0000000008005eb4                PROVIDE (__init_array_end = .)
                0x0000000008005eb4                . = ALIGN (0x4)

.fini_array     0x0000000008005eb4        0x4
                0x0000000008005eb4                . = ALIGN (0x4)
                [!provide]                        PROVIDE (__fini_array_start = .)
 *(SORT_BY_NAME(.fini_array.*))
 *(.fini_array*)
 .fini_array    0x0000000008005eb4        0x4 /opt/st/stm32cubeide_1.6.1/plugins/com.st.stm32cube.ide.mcu.externaltools.gnu-tools-for-stm32.9-2020-q2-update.linux64_1.5.0.202011040924/tools/bin/../lib/gcc/arm-none-eabi/9.3.1/thumb/v7-m/nofp/crtbegin.o
                [!provide]                        PROVIDE (__fini_array_end = .)
                0x0000000008005eb8                . = ALIGN (0x4)
                0x0000000008005eb8                _sidata = LOADADDR (.data)

.data           0x0000000020000000       0x7c load address 0x0000000008005eb8
                0x0000000020000000                . = ALIGN (0x4)
                0x0000000020000000                _sdata = .
 *(.data)
 *(.data*)
 .data.y.7697   0x0000000020000000        0x4 Core/Src/app.o
 .data.SystemCoreClock
                0x0000000020000004        0x4 Core/Src/system_stm32f1xx.o
                0x0000000020000004                SystemCoreClock
 .data.uwTickPrio
                0x0000000020000008        0x4 Drivers/STM32F1xx_HAL_Driver/Src/stm32f1xx_hal.o
                0x0000000020000008                uwTickPrio
 .data.uwTickFreq
                0x000000002000000c        0x1 Drivers/STM32F1xx_HAL_Driver/Src/stm32f1xx_hal.o
                0x000000002000000c                uwTickFreq
 *fill*         0x000000002000000d        0x3 
 .data.uxCriticalNesting
                0x0000000020000010        0x4 Middlewares/Third_Party/FreeRTOS/Source/portable/GCC/ARM_CM3/port.o
 .data._impure_ptr
                0x0000000020000014        0x4 /opt/st/stm32cubeide_1.6.1/plugins/com.st.stm32cube.ide.mcu.externaltools.gnu-tools-for-stm32.9-2020-q2-update.linux64_1.5.0.202011040924/tools/bin/../lib/gcc/arm-none-eabi/9.3.1/../../../../arm-none-eabi/lib/thumb/v7-m/nofp/libc_nano.a(lib_a-impure.o)
                0x0000000020000014                _impure_ptr
 .data.impure_data
                0x0000000020000018       0x60 /opt/st/stm32cubeide_1.6.1/plugins/com.st.stm32cube.ide.mcu.externaltools.gnu-tools-for-stm32.9-2020-q2-update.linux64_1.5.0.202011040924/tools/bin/../lib/gcc/arm-none-eabi/9.3.1/../../../../arm-none-eabi/lib/thumb/v7-m/nofp/libc_nano.a(lib_a-impure.o)
 .data.__fdlib_version
                0x0000000020000078        0x1 /opt/st/stm32cubeide_1.6.1/plugins/com.st.stm32cube.ide.mcu.externaltools.gnu-tools-for-stm32.9-2020-q2-update.linux64_1.5.0.202011040924/tools/bin/../lib/gcc/arm-none-eabi/9.3.1/../../../../arm-none-eabi/lib/thumb/v7-m/nofp/libm.a(lib_a-s_lib_ver.o)
                0x0000000020000078                __fdlib_version
 *(.RamFunc)
 *(.RamFunc*)
                0x000000002000007c                . = ALIGN (0x4)
 *fill*         0x0000000020000079        0x3 
                0x000000002000007c                _edata = .

.igot.plt       0x000000002000007c        0x0 load address 0x0000000008005f34
 .igot.plt      0x000000002000007c        0x0 /opt/st/stm32cubeide_1.6.1/plugins/com.st.stm32cube.ide.mcu.externaltools.gnu-tools-for-stm32.9-2020-q2-update.linux64_1.5.0.202011040924/tools/bin/../lib/gcc/arm-none-eabi/9.3.1/thumb/v7-m/nofp/crtbegin.o
                0x000000002000007c                . = ALIGN (0x4)

.bss            0x000000002000007c     0x1110 load address 0x0000000008005f34
                0x000000002000007c                _sbss = .
                0x000000002000007c                __bss_start__ = _sbss
 *(.bss)
 .bss           0x000000002000007c       0x1c /opt/st/stm32cubeide_1.6.1/plugins/com.st.stm32cube.ide.mcu.externaltools.gnu-tools-for-stm32.9-2020-q2-update.linux64_1.5.0.202011040924/tools/bin/../lib/gcc/arm-none-eabi/9.3.1/thumb/v7-m/nofp/crtbegin.o
 *(.bss*)
 .bss.futureBoard.7643
                0x0000000020000098       0x48 Core/Src/app.o
 .bss.xIdleTaskTCBBuffer
                0x00000000200000e0       0x54 Core/Src/freertos.o
 .bss.xIdleStack
                0x0000000020000134      0x200 Core/Src/freertos.o
 .bss.spi_handler
                0x0000000020000334        0x4 Core/Src/max7219.o
 .bss.gpio_cs   0x0000000020000338        0x4 Core/Src/max7219.o
 .bss.pin_cs    0x000000002000033c        0x2 Core/Src/max7219.o
 *fill*         0x000000002000033e        0x2 
 .bss.pantalla.7665
                0x0000000020000340        0x8 Core/Src/max7219.o
 .bss.pxCurrentTCB
                0x0000000020000348        0x4 Middlewares/Third_Party/FreeRTOS/Source/tasks.o
                0x0000000020000348                pxCurrentTCB
 .bss.pxReadyTasksLists
                0x000000002000034c       0x8c Middlewares/Third_Party/FreeRTOS/Source/tasks.o
 .bss.xDelayedTaskList1
                0x00000000200003d8       0x14 Middlewares/Third_Party/FreeRTOS/Source/tasks.o
 .bss.xDelayedTaskList2
                0x00000000200003ec       0x14 Middlewares/Third_Party/FreeRTOS/Source/tasks.o
 .bss.pxDelayedTaskList
                0x0000000020000400        0x4 Middlewares/Third_Party/FreeRTOS/Source/tasks.o
 .bss.pxOverflowDelayedTaskList
                0x0000000020000404        0x4 Middlewares/Third_Party/FreeRTOS/Source/tasks.o
 .bss.xPendingReadyList
                0x0000000020000408       0x14 Middlewares/Third_Party/FreeRTOS/Source/tasks.o
 .bss.xTasksWaitingTermination
                0x000000002000041c       0x14 Middlewares/Third_Party/FreeRTOS/Source/tasks.o
 .bss.uxDeletedTasksWaitingCleanUp
                0x0000000020000430        0x4 Middlewares/Third_Party/FreeRTOS/Source/tasks.o
 .bss.xSuspendedTaskList
                0x0000000020000434       0x14 Middlewares/Third_Party/FreeRTOS/Source/tasks.o
 .bss.uxCurrentNumberOfTasks
                0x0000000020000448        0x4 Middlewares/Third_Party/FreeRTOS/Source/tasks.o
 .bss.xTickCount
                0x000000002000044c        0x4 Middlewares/Third_Party/FreeRTOS/Source/tasks.o
 .bss.uxTopReadyPriority
                0x0000000020000450        0x4 Middlewares/Third_Party/FreeRTOS/Source/tasks.o
 .bss.xSchedulerRunning
                0x0000000020000454        0x4 Middlewares/Third_Party/FreeRTOS/Source/tasks.o
 .bss.uxPendedTicks
                0x0000000020000458        0x4 Middlewares/Third_Party/FreeRTOS/Source/tasks.o
 .bss.xYieldPending
                0x000000002000045c        0x4 Middlewares/Third_Party/FreeRTOS/Source/tasks.o
 .bss.xNumOfOverflows
                0x0000000020000460        0x4 Middlewares/Third_Party/FreeRTOS/Source/tasks.o
 .bss.uxTaskNumber
                0x0000000020000464        0x4 Middlewares/Third_Party/FreeRTOS/Source/tasks.o
 .bss.xNextTaskUnblockTime
                0x0000000020000468        0x4 Middlewares/Third_Party/FreeRTOS/Source/tasks.o
 .bss.xIdleTaskHandle
                0x000000002000046c        0x4 Middlewares/Third_Party/FreeRTOS/Source/tasks.o
 .bss.uxSchedulerSuspended
                0x0000000020000470        0x4 Middlewares/Third_Party/FreeRTOS/Source/tasks.o
 .bss.ucMaxSysCallPriority
                0x0000000020000474        0x1 Middlewares/Third_Party/FreeRTOS/Source/portable/GCC/ARM_CM3/port.o
 *fill*         0x0000000020000475        0x3 
 .bss.ulMaxPRIGROUPValue
                0x0000000020000478        0x4 Middlewares/Third_Party/FreeRTOS/Source/portable/GCC/ARM_CM3/port.o
 .bss.ucHeap    0x000000002000047c      0xc00 Middlewares/Third_Party/FreeRTOS/Source/portable/MemMang/heap_4.o
 .bss.xStart    0x000000002000107c        0x8 Middlewares/Third_Party/FreeRTOS/Source/portable/MemMang/heap_4.o
 .bss.pxEnd     0x0000000020001084        0x4 Middlewares/Third_Party/FreeRTOS/Source/portable/MemMang/heap_4.o
 .bss.xFreeBytesRemaining
                0x0000000020001088        0x4 Middlewares/Third_Party/FreeRTOS/Source/portable/MemMang/heap_4.o
 .bss.xMinimumEverFreeBytesRemaining
                0x000000002000108c        0x4 Middlewares/Third_Party/FreeRTOS/Source/portable/MemMang/heap_4.o
 .bss.xBlockAllocatedBit
                0x0000000020001090        0x4 Middlewares/Third_Party/FreeRTOS/Source/portable/MemMang/heap_4.o
 *(COMMON)
 COMMON         0x0000000020001094       0xac Core/Src/main.o
                0x0000000020001094                defaultTaskHandle
                0x0000000020001098                mainBoard
                0x00000000200010e0                data
                0x00000000200010e8                hspi1
 COMMON         0x0000000020001140       0x48 Core/Src/stm32f1xx_hal_timebase_tim.o
                0x0000000020001140                htim1
 COMMON         0x0000000020001188        0x4 Drivers/STM32F1xx_HAL_Driver/Src/stm32f1xx_hal.o
                0x0000000020001188                uwTick
                0x000000002000118c                . = ALIGN (0x4)
                0x000000002000118c                _ebss = .
                0x000000002000118c                __bss_end__ = _ebss

._user_heap_stack
                0x000000002000118c      0x604 load address 0x0000000008005f34
                0x0000000020001190                . = ALIGN (0x8)
 *fill*         0x000000002000118c        0x4 
                [!provide]                        PROVIDE (end = .)
                0x0000000020001190                PROVIDE (_end = .)
                0x0000000020001390                . = (. + _Min_Heap_Size)
 *fill*         0x0000000020001190      0x200 
                0x0000000020001790                . = (. + _Min_Stack_Size)
 *fill*         0x0000000020001390      0x400 
                0x0000000020001790                . = ALIGN (0x8)

/DISCARD/
 libc.a(*)
 libm.a(*)
 libgcc.a(*)

.ARM.attributes
                0x0000000000000000       0x29
 *(.ARM.attributes)
 .ARM.attributes
                0x0000000000000000       0x1d /opt/st/stm32cubeide_1.6.1/plugins/com.st.stm32cube.ide.mcu.externaltools.gnu-tools-for-stm32.9-2020-q2-update.linux64_1.5.0.202011040924/tools/bin/../lib/gcc/arm-none-eabi/9.3.1/thumb/v7-m/nofp/crti.o
 .ARM.attributes
                0x000000000000001d       0x2d /opt/st/stm32cubeide_1.6.1/plugins/com.st.stm32cube.ide.mcu.externaltools.gnu-tools-for-stm32.9-2020-q2-update.linux64_1.5.0.202011040924/tools/bin/../lib/gcc/arm-none-eabi/9.3.1/thumb/v7-m/nofp/crtbegin.o
 .ARM.attributes
                0x000000000000004a       0x2d Core/Src/app.o
 .ARM.attributes
                0x0000000000000077       0x2d Core/Src/freertos.o
 .ARM.attributes
                0x00000000000000a4       0x2d Core/Src/main.o
 .ARM.attributes
                0x00000000000000d1       0x2d Core/Src/max7219.o
 .ARM.attributes
                0x00000000000000fe       0x2d Core/Src/stm32f1xx_hal_msp.o
 .ARM.attributes
                0x000000000000012b       0x2d Core/Src/stm32f1xx_hal_timebase_tim.o
 .ARM.attributes
                0x0000000000000158       0x2d Core/Src/stm32f1xx_it.o
 .ARM.attributes
                0x0000000000000185       0x2d Core/Src/system_stm32f1xx.o
 .ARM.attributes
                0x00000000000001b2       0x21 Core/Startup/startup_stm32f103c8tx.o
 .ARM.attributes
                0x00000000000001d3       0x2d Drivers/STM32F1xx_HAL_Driver/Src/stm32f1xx_hal.o
 .ARM.attributes
                0x0000000000000200       0x2d Drivers/STM32F1xx_HAL_Driver/Src/stm32f1xx_hal_cortex.o
 .ARM.attributes
                0x000000000000022d       0x2d Drivers/STM32F1xx_HAL_Driver/Src/stm32f1xx_hal_gpio.o
 .ARM.attributes
                0x000000000000025a       0x2d Drivers/STM32F1xx_HAL_Driver/Src/stm32f1xx_hal_rcc.o
 .ARM.attributes
                0x0000000000000287       0x2d Drivers/STM32F1xx_HAL_Driver/Src/stm32f1xx_hal_spi.o
 .ARM.attributes
                0x00000000000002b4       0x2d Drivers/STM32F1xx_HAL_Driver/Src/stm32f1xx_hal_tim.o
 .ARM.attributes
                0x00000000000002e1       0x2d Drivers/STM32F1xx_HAL_Driver/Src/stm32f1xx_hal_tim_ex.o
 .ARM.attributes
                0x000000000000030e       0x2d Middlewares/Third_Party/FreeRTOS/Source/CMSIS_RTOS/cmsis_os.o
 .ARM.attributes
                0x000000000000033b       0x2d Middlewares/Third_Party/FreeRTOS/Source/list.o
 .ARM.attributes
                0x0000000000000368       0x2d Middlewares/Third_Party/FreeRTOS/Source/queue.o
 .ARM.attributes
                0x0000000000000395       0x2d Middlewares/Third_Party/FreeRTOS/Source/tasks.o
 .ARM.attributes
                0x00000000000003c2       0x2d Middlewares/Third_Party/FreeRTOS/Source/portable/GCC/ARM_CM3/port.o
 .ARM.attributes
                0x00000000000003ef       0x2d Middlewares/Third_Party/FreeRTOS/Source/portable/MemMang/heap_4.o
 .ARM.attributes
                0x000000000000041c       0x2d /opt/st/stm32cubeide_1.6.1/plugins/com.st.stm32cube.ide.mcu.externaltools.gnu-tools-for-stm32.9-2020-q2-update.linux64_1.5.0.202011040924/tools/bin/../lib/gcc/arm-none-eabi/9.3.1/../../../../arm-none-eabi/lib/thumb/v7-m/nofp/libc_nano.a(lib_a-errno.o)
 .ARM.attributes
                0x0000000000000449       0x2d /opt/st/stm32cubeide_1.6.1/plugins/com.st.stm32cube.ide.mcu.externaltools.gnu-tools-for-stm32.9-2020-q2-update.linux64_1.5.0.202011040924/tools/bin/../lib/gcc/arm-none-eabi/9.3.1/../../../../arm-none-eabi/lib/thumb/v7-m/nofp/libc_nano.a(lib_a-impure.o)
 .ARM.attributes
                0x0000000000000476       0x2d /opt/st/stm32cubeide_1.6.1/plugins/com.st.stm32cube.ide.mcu.externaltools.gnu-tools-for-stm32.9-2020-q2-update.linux64_1.5.0.202011040924/tools/bin/../lib/gcc/arm-none-eabi/9.3.1/../../../../arm-none-eabi/lib/thumb/v7-m/nofp/libc_nano.a(lib_a-init.o)
 .ARM.attributes
                0x00000000000004a3       0x2d /opt/st/stm32cubeide_1.6.1/plugins/com.st.stm32cube.ide.mcu.externaltools.gnu-tools-for-stm32.9-2020-q2-update.linux64_1.5.0.202011040924/tools/bin/../lib/gcc/arm-none-eabi/9.3.1/../../../../arm-none-eabi/lib/thumb/v7-m/nofp/libc_nano.a(lib_a-memcpy-stub.o)
 .ARM.attributes
                0x00000000000004d0       0x2d /opt/st/stm32cubeide_1.6.1/plugins/com.st.stm32cube.ide.mcu.externaltools.gnu-tools-for-stm32.9-2020-q2-update.linux64_1.5.0.202011040924/tools/bin/../lib/gcc/arm-none-eabi/9.3.1/../../../../arm-none-eabi/lib/thumb/v7-m/nofp/libc_nano.a(lib_a-memset.o)
 .ARM.attributes
                0x00000000000004fd       0x2d /opt/st/stm32cubeide_1.6.1/plugins/com.st.stm32cube.ide.mcu.externaltools.gnu-tools-for-stm32.9-2020-q2-update.linux64_1.5.0.202011040924/tools/bin/../lib/gcc/arm-none-eabi/9.3.1/../../../../arm-none-eabi/lib/thumb/v7-m/nofp/libm.a(lib_a-w_pow.o)
 .ARM.attributes
                0x000000000000052a       0x2d /opt/st/stm32cubeide_1.6.1/plugins/com.st.stm32cube.ide.mcu.externaltools.gnu-tools-for-stm32.9-2020-q2-update.linux64_1.5.0.202011040924/tools/bin/../lib/gcc/arm-none-eabi/9.3.1/../../../../arm-none-eabi/lib/thumb/v7-m/nofp/libm.a(lib_a-e_pow.o)
 .ARM.attributes
                0x0000000000000557       0x2d /opt/st/stm32cubeide_1.6.1/plugins/com.st.stm32cube.ide.mcu.externaltools.gnu-tools-for-stm32.9-2020-q2-update.linux64_1.5.0.202011040924/tools/bin/../lib/gcc/arm-none-eabi/9.3.1/../../../../arm-none-eabi/lib/thumb/v7-m/nofp/libm.a(lib_a-e_sqrt.o)
 .ARM.attributes
                0x0000000000000584       0x2d /opt/st/stm32cubeide_1.6.1/plugins/com.st.stm32cube.ide.mcu.externaltools.gnu-tools-for-stm32.9-2020-q2-update.linux64_1.5.0.202011040924/tools/bin/../lib/gcc/arm-none-eabi/9.3.1/../../../../arm-none-eabi/lib/thumb/v7-m/nofp/libm.a(lib_a-s_fabs.o)
 .ARM.attributes
                0x00000000000005b1       0x2d /opt/st/stm32cubeide_1.6.1/plugins/com.st.stm32cube.ide.mcu.externaltools.gnu-tools-for-stm32.9-2020-q2-update.linux64_1.5.0.202011040924/tools/bin/../lib/gcc/arm-none-eabi/9.3.1/../../../../arm-none-eabi/lib/thumb/v7-m/nofp/libm.a(lib_a-s_finite.o)
 .ARM.attributes
                0x00000000000005de       0x2d /opt/st/stm32cubeide_1.6.1/plugins/com.st.stm32cube.ide.mcu.externaltools.gnu-tools-for-stm32.9-2020-q2-update.linux64_1.5.0.202011040924/tools/bin/../lib/gcc/arm-none-eabi/9.3.1/../../../../arm-none-eabi/lib/thumb/v7-m/nofp/libm.a(lib_a-s_lib_ver.o)
 .ARM.attributes
                0x000000000000060b       0x2d /opt/st/stm32cubeide_1.6.1/plugins/com.st.stm32cube.ide.mcu.externaltools.gnu-tools-for-stm32.9-2020-q2-update.linux64_1.5.0.202011040924/tools/bin/../lib/gcc/arm-none-eabi/9.3.1/../../../../arm-none-eabi/lib/thumb/v7-m/nofp/libm.a(lib_a-s_nan.o)
 .ARM.attributes
                0x0000000000000638       0x2d /opt/st/stm32cubeide_1.6.1/plugins/com.st.stm32cube.ide.mcu.externaltools.gnu-tools-for-stm32.9-2020-q2-update.linux64_1.5.0.202011040924/tools/bin/../lib/gcc/arm-none-eabi/9.3.1/../../../../arm-none-eabi/lib/thumb/v7-m/nofp/libm.a(lib_a-s_rint.o)
 .ARM.attributes
                0x0000000000000665       0x2d /opt/st/stm32cubeide_1.6.1/plugins/com.st.stm32cube.ide.mcu.externaltools.gnu-tools-for-stm32.9-2020-q2-update.linux64_1.5.0.202011040924/tools/bin/../lib/gcc/arm-none-eabi/9.3.1/../../../../arm-none-eabi/lib/thumb/v7-m/nofp/libm.a(lib_a-s_scalbn.o)
 .ARM.attributes
                0x0000000000000692       0x1d /opt/st/stm32cubeide_1.6.1/plugins/com.st.stm32cube.ide.mcu.externaltools.gnu-tools-for-stm32.9-2020-q2-update.linux64_1.5.0.202011040924/tools/bin/../lib/gcc/arm-none-eabi/9.3.1/thumb/v7-m/nofp/libgcc.a(_arm_addsubdf3.o)
 .ARM.attributes
                0x00000000000006af       0x1d /opt/st/stm32cubeide_1.6.1/plugins/com.st.stm32cube.ide.mcu.externaltools.gnu-tools-for-stm32.9-2020-q2-update.linux64_1.5.0.202011040924/tools/bin/../lib/gcc/arm-none-eabi/9.3.1/thumb/v7-m/nofp/libgcc.a(_arm_muldivdf3.o)
 .ARM.attributes
                0x00000000000006cc       0x1d /opt/st/stm32cubeide_1.6.1/plugins/com.st.stm32cube.ide.mcu.externaltools.gnu-tools-for-stm32.9-2020-q2-update.linux64_1.5.0.202011040924/tools/bin/../lib/gcc/arm-none-eabi/9.3.1/thumb/v7-m/nofp/libgcc.a(_arm_cmpdf2.o)
 .ARM.attributes
                0x00000000000006e9       0x1d /opt/st/stm32cubeide_1.6.1/plugins/com.st.stm32cube.ide.mcu.externaltools.gnu-tools-for-stm32.9-2020-q2-update.linux64_1.5.0.202011040924/tools/bin/../lib/gcc/arm-none-eabi/9.3.1/thumb/v7-m/nofp/libgcc.a(_arm_unorddf2.o)
 .ARM.attributes
                0x0000000000000706       0x1d /opt/st/stm32cubeide_1.6.1/plugins/com.st.stm32cube.ide.mcu.externaltools.gnu-tools-for-stm32.9-2020-q2-update.linux64_1.5.0.202011040924/tools/bin/../lib/gcc/arm-none-eabi/9.3.1/thumb/v7-m/nofp/libgcc.a(_arm_fixunsdfsi.o)
 .ARM.attributes
                0x0000000000000723       0x1d /opt/st/stm32cubeide_1.6.1/plugins/com.st.stm32cube.ide.mcu.externaltools.gnu-tools-for-stm32.9-2020-q2-update.linux64_1.5.0.202011040924/tools/bin/../lib/gcc/arm-none-eabi/9.3.1/thumb/v7-m/nofp/crtn.o
OUTPUT(Trabajo_FreeRTOS.elf elf32-littlearm)
LOAD linker stubs
LOAD /opt/st/stm32cubeide_1.6.1/plugins/com.st.stm32cube.ide.mcu.externaltools.gnu-tools-for-stm32.9-2020-q2-update.linux64_1.5.0.202011040924/tools/bin/../lib/gcc/arm-none-eabi/9.3.1/../../../../arm-none-eabi/lib/thumb/v7-m/nofp/libc.a
LOAD /opt/st/stm32cubeide_1.6.1/plugins/com.st.stm32cube.ide.mcu.externaltools.gnu-tools-for-stm32.9-2020-q2-update.linux64_1.5.0.202011040924/tools/bin/../lib/gcc/arm-none-eabi/9.3.1/../../../../arm-none-eabi/lib/thumb/v7-m/nofp/libm.a
LOAD /opt/st/stm32cubeide_1.6.1/plugins/com.st.stm32cube.ide.mcu.externaltools.gnu-tools-for-stm32.9-2020-q2-update.linux64_1.5.0.202011040924/tools/bin/../lib/gcc/arm-none-eabi/9.3.1/thumb/v7-m/nofp/libgcc.a

.debug_info     0x0000000000000000    0x16ff8
 .debug_info    0x0000000000000000      0xe8b Core/Src/app.o
 .debug_info    0x0000000000000e8b      0xc41 Core/Src/freertos.o
 .debug_info    0x0000000000001acc     0x19fe Core/Src/main.o
 .debug_info    0x00000000000034ca     0x1189 Core/Src/max7219.o
 .debug_info    0x0000000000004653     0x1341 Core/Src/stm32f1xx_hal_msp.o
 .debug_info    0x0000000000005994      0xa19 Core/Src/stm32f1xx_hal_timebase_tim.o
 .debug_info    0x00000000000063ad     0x1059 Core/Src/stm32f1xx_it.o
 .debug_info    0x0000000000007406      0x2be Core/Src/system_stm32f1xx.o
 .debug_info    0x00000000000076c4       0x22 Core/Startup/startup_stm32f103c8tx.o
 .debug_info    0x00000000000076e6      0x76a Drivers/STM32F1xx_HAL_Driver/Src/stm32f1xx_hal.o
 .debug_info    0x0000000000007e50      0xbdc Drivers/STM32F1xx_HAL_Driver/Src/stm32f1xx_hal_cortex.o
 .debug_info    0x0000000000008a2c      0x701 Drivers/STM32F1xx_HAL_Driver/Src/stm32f1xx_hal_gpio.o
 .debug_info    0x000000000000912d      0x88e Drivers/STM32F1xx_HAL_Driver/Src/stm32f1xx_hal_rcc.o
 .debug_info    0x00000000000099bb     0x16bf Drivers/STM32F1xx_HAL_Driver/Src/stm32f1xx_hal_spi.o
 .debug_info    0x000000000000b07a     0x2a45 Drivers/STM32F1xx_HAL_Driver/Src/stm32f1xx_hal_tim.o
 .debug_info    0x000000000000dabf     0x14d5 Drivers/STM32F1xx_HAL_Driver/Src/stm32f1xx_hal_tim_ex.o
 .debug_info    0x000000000000ef94     0x2019 Middlewares/Third_Party/FreeRTOS/Source/CMSIS_RTOS/cmsis_os.o
 .debug_info    0x0000000000010fad      0xb7c Middlewares/Third_Party/FreeRTOS/Source/list.o
 .debug_info    0x0000000000011b29     0x1f3a Middlewares/Third_Party/FreeRTOS/Source/queue.o
 .debug_info    0x0000000000013a63     0x247d Middlewares/Third_Party/FreeRTOS/Source/tasks.o
 .debug_info    0x0000000000015ee0      0x4a1 Middlewares/Third_Party/FreeRTOS/Source/portable/GCC/ARM_CM3/port.o
 .debug_info    0x0000000000016381      0xc77 Middlewares/Third_Party/FreeRTOS/Source/portable/MemMang/heap_4.o

.debug_abbrev   0x0000000000000000     0x33a3
 .debug_abbrev  0x0000000000000000      0x296 Core/Src/app.o
 .debug_abbrev  0x0000000000000296      0x1f9 Core/Src/freertos.o
 .debug_abbrev  0x000000000000048f      0x302 Core/Src/main.o
 .debug_abbrev  0x0000000000000791      0x242 Core/Src/max7219.o
 .debug_abbrev  0x00000000000009d3      0x236 Core/Src/stm32f1xx_hal_msp.o
 .debug_abbrev  0x0000000000000c09      0x1bf Core/Src/stm32f1xx_hal_timebase_tim.o
 .debug_abbrev  0x0000000000000dc8      0x211 Core/Src/stm32f1xx_it.o
 .debug_abbrev  0x0000000000000fd9      0x14e Core/Src/system_stm32f1xx.o
 .debug_abbrev  0x0000000000001127       0x12 Core/Startup/startup_stm32f103c8tx.o
 .debug_abbrev  0x0000000000001139      0x1ed Drivers/STM32F1xx_HAL_Driver/Src/stm32f1xx_hal.o
 .debug_abbrev  0x0000000000001326      0x313 Drivers/STM32F1xx_HAL_Driver/Src/stm32f1xx_hal_cortex.o
 .debug_abbrev  0x0000000000001639      0x1e8 Drivers/STM32F1xx_HAL_Driver/Src/stm32f1xx_hal_gpio.o
 .debug_abbrev  0x0000000000001821      0x273 Drivers/STM32F1xx_HAL_Driver/Src/stm32f1xx_hal_rcc.o
 .debug_abbrev  0x0000000000001a94      0x26e Drivers/STM32F1xx_HAL_Driver/Src/stm32f1xx_hal_spi.o
 .debug_abbrev  0x0000000000001d02      0x25e Drivers/STM32F1xx_HAL_Driver/Src/stm32f1xx_hal_tim.o
 .debug_abbrev  0x0000000000001f60      0x266 Drivers/STM32F1xx_HAL_Driver/Src/stm32f1xx_hal_tim_ex.o
 .debug_abbrev  0x00000000000021c6      0x3c2 Middlewares/Third_Party/FreeRTOS/Source/CMSIS_RTOS/cmsis_os.o
 .debug_abbrev  0x0000000000002588      0x1f7 Middlewares/Third_Party/FreeRTOS/Source/list.o
 .debug_abbrev  0x000000000000277f      0x3a2 Middlewares/Third_Party/FreeRTOS/Source/queue.o
 .debug_abbrev  0x0000000000002b21      0x380 Middlewares/Third_Party/FreeRTOS/Source/tasks.o
 .debug_abbrev  0x0000000000002ea1      0x22f Middlewares/Third_Party/FreeRTOS/Source/portable/GCC/ARM_CM3/port.o
 .debug_abbrev  0x00000000000030d0      0x2d3 Middlewares/Third_Party/FreeRTOS/Source/portable/MemMang/heap_4.o

.debug_aranges  0x0000000000000000     0x1180
 .debug_aranges
                0x0000000000000000       0x70 Core/Src/app.o
 .debug_aranges
                0x0000000000000070       0x20 Core/Src/freertos.o
 .debug_aranges
                0x0000000000000090       0x50 Core/Src/main.o
 .debug_aranges
                0x00000000000000e0       0x40 Core/Src/max7219.o
 .debug_aranges
                0x0000000000000120       0x30 Core/Src/stm32f1xx_hal_msp.o
 .debug_aranges
                0x0000000000000150       0x30 Core/Src/stm32f1xx_hal_timebase_tim.o
 .debug_aranges
                0x0000000000000180       0x50 Core/Src/stm32f1xx_it.o
 .debug_aranges
                0x00000000000001d0       0x28 Core/Src/system_stm32f1xx.o
 .debug_aranges
                0x00000000000001f8       0x28 Core/Startup/startup_stm32f103c8tx.o
 .debug_aranges
                0x0000000000000220       0xe0 Drivers/STM32F1xx_HAL_Driver/Src/stm32f1xx_hal.o
 .debug_aranges
                0x0000000000000300      0x100 Drivers/STM32F1xx_HAL_Driver/Src/stm32f1xx_hal_cortex.o
 .debug_aranges
                0x0000000000000400       0x58 Drivers/STM32F1xx_HAL_Driver/Src/stm32f1xx_hal_gpio.o
 .debug_aranges
                0x0000000000000458       0x90 Drivers/STM32F1xx_HAL_Driver/Src/stm32f1xx_hal_rcc.o
 .debug_aranges
                0x00000000000004e8      0x1d0 Drivers/STM32F1xx_HAL_Driver/Src/stm32f1xx_hal_spi.o
 .debug_aranges
                0x00000000000006b8      0x3d0 Drivers/STM32F1xx_HAL_Driver/Src/stm32f1xx_hal_tim.o
 .debug_aranges
                0x0000000000000a88      0x168 Drivers/STM32F1xx_HAL_Driver/Src/stm32f1xx_hal_tim_ex.o
 .debug_aranges
                0x0000000000000bf0      0x1d8 Middlewares/Third_Party/FreeRTOS/Source/CMSIS_RTOS/cmsis_os.o
 .debug_aranges
                0x0000000000000dc8       0x40 Middlewares/Third_Party/FreeRTOS/Source/list.o
 .debug_aranges
                0x0000000000000e08      0x108 Middlewares/Third_Party/FreeRTOS/Source/queue.o
 .debug_aranges
                0x0000000000000f10      0x1a8 Middlewares/Third_Party/FreeRTOS/Source/tasks.o
 .debug_aranges
                0x00000000000010b8       0x78 Middlewares/Third_Party/FreeRTOS/Source/portable/GCC/ARM_CM3/port.o
 .debug_aranges
                0x0000000000001130       0x50 Middlewares/Third_Party/FreeRTOS/Source/portable/MemMang/heap_4.o

.debug_ranges   0x0000000000000000     0x1028
 .debug_ranges  0x0000000000000000       0x60 Core/Src/app.o
 .debug_ranges  0x0000000000000060       0x10 Core/Src/freertos.o
 .debug_ranges  0x0000000000000070       0x40 Core/Src/main.o
 .debug_ranges  0x00000000000000b0       0x30 Core/Src/max7219.o
 .debug_ranges  0x00000000000000e0       0x20 Core/Src/stm32f1xx_hal_msp.o
 .debug_ranges  0x0000000000000100       0x20 Core/Src/stm32f1xx_hal_timebase_tim.o
 .debug_ranges  0x0000000000000120       0x40 Core/Src/stm32f1xx_it.o
 .debug_ranges  0x0000000000000160       0x18 Core/Src/system_stm32f1xx.o
 .debug_ranges  0x0000000000000178       0x20 Core/Startup/startup_stm32f103c8tx.o
 .debug_ranges  0x0000000000000198       0xd0 Drivers/STM32F1xx_HAL_Driver/Src/stm32f1xx_hal.o
 .debug_ranges  0x0000000000000268       0xf0 Drivers/STM32F1xx_HAL_Driver/Src/stm32f1xx_hal_cortex.o
 .debug_ranges  0x0000000000000358       0x48 Drivers/STM32F1xx_HAL_Driver/Src/stm32f1xx_hal_gpio.o
 .debug_ranges  0x00000000000003a0       0x80 Drivers/STM32F1xx_HAL_Driver/Src/stm32f1xx_hal_rcc.o
 .debug_ranges  0x0000000000000420      0x1c0 Drivers/STM32F1xx_HAL_Driver/Src/stm32f1xx_hal_spi.o
 .debug_ranges  0x00000000000005e0      0x3c0 Drivers/STM32F1xx_HAL_Driver/Src/stm32f1xx_hal_tim.o
 .debug_ranges  0x00000000000009a0      0x158 Drivers/STM32F1xx_HAL_Driver/Src/stm32f1xx_hal_tim_ex.o
 .debug_ranges  0x0000000000000af8      0x1c8 Middlewares/Third_Party/FreeRTOS/Source/CMSIS_RTOS/cmsis_os.o
 .debug_ranges  0x0000000000000cc0       0x30 Middlewares/Third_Party/FreeRTOS/Source/list.o
 .debug_ranges  0x0000000000000cf0       0xf8 Middlewares/Third_Party/FreeRTOS/Source/queue.o
 .debug_ranges  0x0000000000000de8      0x198 Middlewares/Third_Party/FreeRTOS/Source/tasks.o
 .debug_ranges  0x0000000000000f80       0x68 Middlewares/Third_Party/FreeRTOS/Source/portable/GCC/ARM_CM3/port.o
 .debug_ranges  0x0000000000000fe8       0x40 Middlewares/Third_Party/FreeRTOS/Source/portable/MemMang/heap_4.o

.debug_macro    0x0000000000000000    0x19a5c
 .debug_macro   0x0000000000000000      0x325 Core/Src/app.o
 .debug_macro   0x0000000000000325      0xa9c Core/Src/app.o
 .debug_macro   0x0000000000000dc1      0x21b Core/Src/app.o
 .debug_macro   0x0000000000000fdc       0x2e Core/Src/app.o
 .debug_macro   0x000000000000100a       0x22 Core/Src/app.o
 .debug_macro   0x000000000000102c       0x22 Core/Src/app.o
 .debug_macro   0x000000000000104e       0x8e Core/Src/app.o
 .debug_macro   0x00000000000010dc       0x51 Core/Src/app.o
 .debug_macro   0x000000000000112d      0x103 Core/Src/app.o
 .debug_macro   0x0000000000001230       0x6a Core/Src/app.o
 .debug_macro   0x000000000000129a      0x1df Core/Src/app.o
 .debug_macro   0x0000000000001479       0x1c Core/Src/app.o
 .debug_macro   0x0000000000001495       0x22 Core/Src/app.o
 .debug_macro   0x00000000000014b7       0xc3 Core/Src/app.o
 .debug_macro   0x000000000000157a      0xd23 Core/Src/app.o
 .debug_macro   0x000000000000229d     0xe09e Core/Src/app.o
 .debug_macro   0x000000000001033b       0x6d Core/Src/app.o
 .debug_macro   0x00000000000103a8     0x3468 Core/Src/app.o
 .debug_macro   0x0000000000013810      0x174 Core/Src/app.o
 .debug_macro   0x0000000000013984       0x5c Core/Src/app.o
 .debug_macro   0x00000000000139e0      0x5be Core/Src/app.o
 .debug_macro   0x0000000000013f9e      0x289 Core/Src/app.o
 .debug_macro   0x0000000000014227      0x1cb Core/Src/app.o
 .debug_macro   0x00000000000143f2      0x114 Core/Src/app.o
 .debug_macro   0x0000000000014506      0x1b2 Core/Src/app.o
 .debug_macro   0x00000000000146b8       0x27 Core/Src/app.o
 .debug_macro   0x00000000000146df      0x136 Core/Src/app.o
 .debug_macro   0x0000000000014815      0x1bc Core/Src/app.o
 .debug_macro   0x00000000000149d1       0x34 Core/Src/app.o
 .debug_macro   0x0000000000014a05       0x3c Core/Src/app.o
 .debug_macro   0x0000000000014a41       0x57 Core/Src/app.o
 .debug_macro   0x0000000000014a98       0x88 Core/Src/app.o
 .debug_macro   0x0000000000014b20      0x241 Core/Src/app.o
 .debug_macro   0x0000000000014d61      0x141 Core/Src/app.o
 .debug_macro   0x0000000000014ea2      0x217 Core/Src/app.o
 .debug_macro   0x00000000000150b9      0x8d1 Core/Src/app.o
 .debug_macro   0x000000000001598a       0x83 Core/Src/app.o
 .debug_macro   0x0000000000015a0d       0xd6 Core/Src/app.o
 .debug_macro   0x0000000000015ae3      0x15a Core/Src/app.o
 .debug_macro   0x0000000000015c3d       0xd7 Core/Src/app.o
 .debug_macro   0x0000000000015d14       0x10 Core/Src/app.o
 .debug_macro   0x0000000000015d24       0x1f Core/Src/app.o
 .debug_macro   0x0000000000015d43      0x4b7 Core/Src/app.o
 .debug_macro   0x00000000000161fa       0xb5 Core/Src/app.o
 .debug_macro   0x00000000000162af       0x8c Core/Src/app.o
 .debug_macro   0x000000000001633b       0x91 Core/Src/app.o
 .debug_macro   0x00000000000163cc       0x8d Core/Src/app.o
 .debug_macro   0x0000000000016459       0x7e Core/Src/app.o
 .debug_macro   0x00000000000164d7       0x19 Core/Src/app.o
 .debug_macro   0x00000000000164f0       0xf2 Core/Src/app.o
 .debug_macro   0x00000000000165e2       0x52 Core/Src/app.o
 .debug_macro   0x0000000000016634       0x18 Core/Src/app.o
 .debug_macro   0x000000000001664c       0x3c Core/Src/app.o
 .debug_macro   0x0000000000016688       0x34 Core/Src/app.o
 .debug_macro   0x00000000000166bc       0x16 Core/Src/app.o
 .debug_macro   0x00000000000166d2       0x43 Core/Src/app.o
 .debug_macro   0x0000000000016715       0x34 Core/Src/app.o
 .debug_macro   0x0000000000016749       0x10 Core/Src/app.o
 .debug_macro   0x0000000000016759       0x58 Core/Src/app.o
 .debug_macro   0x00000000000167b1       0x71 Core/Src/app.o
 .debug_macro   0x0000000000016822       0x1c Core/Src/app.o
 .debug_macro   0x000000000001683e      0x12a Core/Src/app.o
 .debug_macro   0x0000000000016968      0x333 Core/Src/app.o
 .debug_macro   0x0000000000016c9b      0x1a9 Core/Src/app.o
 .debug_macro   0x0000000000016e44      0x31f Core/Src/freertos.o
 .debug_macro   0x0000000000017163       0xd6 Core/Src/freertos.o
 .debug_macro   0x0000000000017239      0x31f Core/Src/main.o
 .debug_macro   0x0000000000017558      0x31f Core/Src/max7219.o
 .debug_macro   0x0000000000017877      0x31f Core/Src/stm32f1xx_hal_msp.o
 .debug_macro   0x0000000000017b96      0x1a3 Core/Src/stm32f1xx_hal_timebase_tim.o
 .debug_macro   0x0000000000017d39      0x329 Core/Src/stm32f1xx_it.o
 .debug_macro   0x0000000000018062      0x1a3 Core/Src/system_stm32f1xx.o
 .debug_macro   0x0000000000018205      0x1c7 Drivers/STM32F1xx_HAL_Driver/Src/stm32f1xx_hal.o
 .debug_macro   0x00000000000183cc      0x1a3 Drivers/STM32F1xx_HAL_Driver/Src/stm32f1xx_hal_cortex.o
 .debug_macro   0x000000000001856f      0x20e Drivers/STM32F1xx_HAL_Driver/Src/stm32f1xx_hal_gpio.o
 .debug_macro   0x000000000001877d      0x1b5 Drivers/STM32F1xx_HAL_Driver/Src/stm32f1xx_hal_rcc.o
 .debug_macro   0x0000000000018932      0x1ab Drivers/STM32F1xx_HAL_Driver/Src/stm32f1xx_hal_spi.o
 .debug_macro   0x0000000000018add      0x1a4 Drivers/STM32F1xx_HAL_Driver/Src/stm32f1xx_hal_tim.o
 .debug_macro   0x0000000000018c81      0x1a3 Drivers/STM32F1xx_HAL_Driver/Src/stm32f1xx_hal_tim_ex.o
 .debug_macro   0x0000000000018e24      0x1fe Middlewares/Third_Party/FreeRTOS/Source/CMSIS_RTOS/cmsis_os.o
 .debug_macro   0x0000000000019022       0x10 Middlewares/Third_Party/FreeRTOS/Source/CMSIS_RTOS/cmsis_os.o
 .debug_macro   0x0000000000019032       0x20 Middlewares/Third_Party/FreeRTOS/Source/CMSIS_RTOS/cmsis_os.o
 .debug_macro   0x0000000000019052       0xab Middlewares/Third_Party/FreeRTOS/Source/CMSIS_RTOS/cmsis_os.o
 .debug_macro   0x00000000000190fd      0x187 Middlewares/Third_Party/FreeRTOS/Source/list.o
 .debug_macro   0x0000000000019284      0x212 Middlewares/Third_Party/FreeRTOS/Source/queue.o
 .debug_macro   0x0000000000019496       0x16 Middlewares/Third_Party/FreeRTOS/Source/queue.o
 .debug_macro   0x00000000000194ac      0x280 Middlewares/Third_Party/FreeRTOS/Source/tasks.o
 .debug_macro   0x000000000001972c       0x10 Middlewares/Third_Party/FreeRTOS/Source/tasks.o
 .debug_macro   0x000000000001973c      0x172 Middlewares/Third_Party/FreeRTOS/Source/portable/GCC/ARM_CM3/port.o
 .debug_macro   0x00000000000198ae      0x1ae Middlewares/Third_Party/FreeRTOS/Source/portable/MemMang/heap_4.o

.debug_line     0x0000000000000000    0x130d9
 .debug_line    0x0000000000000000      0xbf0 Core/Src/app.o
 .debug_line    0x0000000000000bf0      0x913 Core/Src/freertos.o
 .debug_line    0x0000000000001503      0xa81 Core/Src/main.o
 .debug_line    0x0000000000001f84      0x9ee Core/Src/max7219.o
 .debug_line    0x0000000000002972      0x96d Core/Src/stm32f1xx_hal_msp.o
 .debug_line    0x00000000000032df      0x6b4 Core/Src/stm32f1xx_hal_timebase_tim.o
 .debug_line    0x0000000000003993      0x9b4 Core/Src/stm32f1xx_it.o
 .debug_line    0x0000000000004347      0x6d6 Core/Src/system_stm32f1xx.o
 .debug_line    0x0000000000004a1d       0x87 Core/Startup/startup_stm32f103c8tx.o
 .debug_line    0x0000000000004aa4      0x903 Drivers/STM32F1xx_HAL_Driver/Src/stm32f1xx_hal.o
 .debug_line    0x00000000000053a7      0xaeb Drivers/STM32F1xx_HAL_Driver/Src/stm32f1xx_hal_cortex.o
 .debug_line    0x0000000000005e92      0x99a Drivers/STM32F1xx_HAL_Driver/Src/stm32f1xx_hal_gpio.o
 .debug_line    0x000000000000682c      0xd11 Drivers/STM32F1xx_HAL_Driver/Src/stm32f1xx_hal_rcc.o
 .debug_line    0x000000000000753d     0x1b88 Drivers/STM32F1xx_HAL_Driver/Src/stm32f1xx_hal_spi.o
 .debug_line    0x00000000000090c5     0x32ac Drivers/STM32F1xx_HAL_Driver/Src/stm32f1xx_hal_tim.o
 .debug_line    0x000000000000c371     0x182b Drivers/STM32F1xx_HAL_Driver/Src/stm32f1xx_hal_tim_ex.o
 .debug_line    0x000000000000db9c     0x1196 Middlewares/Third_Party/FreeRTOS/Source/CMSIS_RTOS/cmsis_os.o
 .debug_line    0x000000000000ed32      0x6dd Middlewares/Third_Party/FreeRTOS/Source/list.o
 .debug_line    0x000000000000f40f     0x145a Middlewares/Third_Party/FreeRTOS/Source/queue.o
 .debug_line    0x0000000000010869     0x18a0 Middlewares/Third_Party/FreeRTOS/Source/tasks.o
 .debug_line    0x0000000000012109      0x731 Middlewares/Third_Party/FreeRTOS/Source/portable/GCC/ARM_CM3/port.o
 .debug_line    0x000000000001283a      0x89f Middlewares/Third_Party/FreeRTOS/Source/portable/MemMang/heap_4.o

.debug_str      0x0000000000000000    0x920ef
 .debug_str     0x0000000000000000    0x8bed6 Core/Src/app.o
                                      0x8c335 (size before relaxing)
 .debug_str     0x000000000008bed6      0x14f Core/Src/freertos.o
                                      0x8c31a (size before relaxing)
 .debug_str     0x000000000008c025      0x986 Core/Src/main.o
                                      0x8cd4d (size before relaxing)
 .debug_str     0x000000000008c9ab       0xb3 Core/Src/max7219.o
                                      0x8c67d (size before relaxing)
 .debug_str     0x000000000008ca5e      0x2e5 Core/Src/stm32f1xx_hal_msp.o
                                      0x8c95d (size before relaxing)
 .debug_str     0x000000000008cd43       0xaa Core/Src/stm32f1xx_hal_timebase_tim.o
                                      0x83525 (size before relaxing)
 .debug_str     0x000000000008cded       0x92 Core/Src/stm32f1xx_it.o
                                      0x8c71c (size before relaxing)
 .debug_str     0x000000000008ce7f       0x52 Core/Src/system_stm32f1xx.o
                                      0x82cc7 (size before relaxing)
 .debug_str     0x000000000008ced1       0x36 Core/Startup/startup_stm32f103c8tx.o
                                         0x6a (size before relaxing)
 .debug_str     0x000000000008cf07      0x2af Drivers/STM32F1xx_HAL_Driver/Src/stm32f1xx_hal.o
                                      0x83358 (size before relaxing)
 .debug_str     0x000000000008d1b6      0x2f7 Drivers/STM32F1xx_HAL_Driver/Src/stm32f1xx_hal_cortex.o
                                      0x83360 (size before relaxing)
 .debug_str     0x000000000008d4ad      0x324 Drivers/STM32F1xx_HAL_Driver/Src/stm32f1xx_hal_gpio.o
                                      0x8308b (size before relaxing)
 .debug_str     0x000000000008d7d1      0x245 Drivers/STM32F1xx_HAL_Driver/Src/stm32f1xx_hal_rcc.o
                                      0x830c4 (size before relaxing)
 .debug_str     0x000000000008da16      0x549 Drivers/STM32F1xx_HAL_Driver/Src/stm32f1xx_hal_spi.o
                                      0x835d3 (size before relaxing)
 .debug_str     0x000000000008df5f      0xe47 Drivers/STM32F1xx_HAL_Driver/Src/stm32f1xx_hal_tim.o
                                      0x84096 (size before relaxing)
 .debug_str     0x000000000008eda6      0x538 Drivers/STM32F1xx_HAL_Driver/Src/stm32f1xx_hal_tim_ex.o
                                      0x83847 (size before relaxing)
 .debug_str     0x000000000008f2de      0x910 Middlewares/Third_Party/FreeRTOS/Source/CMSIS_RTOS/cmsis_os.o
                                       0xdec1 (size before relaxing)
 .debug_str     0x000000000008fbee      0x225 Middlewares/Third_Party/FreeRTOS/Source/list.o
                                       0xa802 (size before relaxing)
 .debug_str     0x000000000008fe13      0x7ca Middlewares/Third_Party/FreeRTOS/Source/queue.o
                                       0xbeba (size before relaxing)
 .debug_str     0x00000000000905dd     0x11ca Middlewares/Third_Party/FreeRTOS/Source/tasks.o
                                       0xc9f3 (size before relaxing)
 .debug_str     0x00000000000917a7      0x6ee Middlewares/Third_Party/FreeRTOS/Source/portable/GCC/ARM_CM3/port.o
                                       0x815c (size before relaxing)
 .debug_str     0x0000000000091e95      0x25a Middlewares/Third_Party/FreeRTOS/Source/portable/MemMang/heap_4.o
                                       0xaf25 (size before relaxing)

.comment        0x0000000000000000       0x53
 .comment       0x0000000000000000       0x53 Core/Src/app.o
                                         0x54 (size before relaxing)
 .comment       0x0000000000000053       0x54 Core/Src/freertos.o
 .comment       0x0000000000000053       0x54 Core/Src/main.o
 .comment       0x0000000000000053       0x54 Core/Src/max7219.o
 .comment       0x0000000000000053       0x54 Core/Src/stm32f1xx_hal_msp.o
 .comment       0x0000000000000053       0x54 Core/Src/stm32f1xx_hal_timebase_tim.o
 .comment       0x0000000000000053       0x54 Core/Src/stm32f1xx_it.o
 .comment       0x0000000000000053       0x54 Core/Src/system_stm32f1xx.o
 .comment       0x0000000000000053       0x54 Drivers/STM32F1xx_HAL_Driver/Src/stm32f1xx_hal.o
 .comment       0x0000000000000053       0x54 Drivers/STM32F1xx_HAL_Driver/Src/stm32f1xx_hal_cortex.o
 .comment       0x0000000000000053       0x54 Drivers/STM32F1xx_HAL_Driver/Src/stm32f1xx_hal_gpio.o
 .comment       0x0000000000000053       0x54 Drivers/STM32F1xx_HAL_Driver/Src/stm32f1xx_hal_rcc.o
 .comment       0x0000000000000053       0x54 Drivers/STM32F1xx_HAL_Driver/Src/stm32f1xx_hal_spi.o
 .comment       0x0000000000000053       0x54 Drivers/STM32F1xx_HAL_Driver/Src/stm32f1xx_hal_tim.o
 .comment       0x0000000000000053       0x54 Drivers/STM32F1xx_HAL_Driver/Src/stm32f1xx_hal_tim_ex.o
 .comment       0x0000000000000053       0x54 Middlewares/Third_Party/FreeRTOS/Source/CMSIS_RTOS/cmsis_os.o
 .comment       0x0000000000000053       0x54 Middlewares/Third_Party/FreeRTOS/Source/list.o
 .comment       0x0000000000000053       0x54 Middlewares/Third_Party/FreeRTOS/Source/queue.o
 .comment       0x0000000000000053       0x54 Middlewares/Third_Party/FreeRTOS/Source/tasks.o
 .comment       0x0000000000000053       0x54 Middlewares/Third_Party/FreeRTOS/Source/portable/GCC/ARM_CM3/port.o
 .comment       0x0000000000000053       0x54 Middlewares/Third_Party/FreeRTOS/Source/portable/MemMang/heap_4.o

.debug_frame    0x0000000000000000     0x4bbc
 .debug_frame   0x0000000000000000      0x1a0 Core/Src/app.o
 .debug_frame   0x00000000000001a0       0x38 Core/Src/freertos.o
 .debug_frame   0x00000000000001d8       0xf4 Core/Src/main.o
 .debug_frame   0x00000000000002cc       0xc4 Core/Src/max7219.o
 .debug_frame   0x0000000000000390       0x7c Core/Src/stm32f1xx_hal_msp.o
 .debug_frame   0x000000000000040c       0x74 Core/Src/stm32f1xx_hal_timebase_tim.o
 .debug_frame   0x0000000000000480       0xc4 Core/Src/stm32f1xx_it.o
 .debug_frame   0x0000000000000544       0x58 Core/Src/system_stm32f1xx.o
 .debug_frame   0x000000000000059c      0x334 Drivers/STM32F1xx_HAL_Driver/Src/stm32f1xx_hal.o
 .debug_frame   0x00000000000008d0      0x428 Drivers/STM32F1xx_HAL_Driver/Src/stm32f1xx_hal_cortex.o
 .debug_frame   0x0000000000000cf8      0x14c Drivers/STM32F1xx_HAL_Driver/Src/stm32f1xx_hal_gpio.o
 .debug_frame   0x0000000000000e44      0x21c Drivers/STM32F1xx_HAL_Driver/Src/stm32f1xx_hal_rcc.o
 .debug_frame   0x0000000000001060      0x824 Drivers/STM32F1xx_HAL_Driver/Src/stm32f1xx_hal_spi.o
 .debug_frame   0x0000000000001884     0x11b8 Drivers/STM32F1xx_HAL_Driver/Src/stm32f1xx_hal_tim.o
 .debug_frame   0x0000000000002a3c      0x638 Drivers/STM32F1xx_HAL_Driver/Src/stm32f1xx_hal_tim_ex.o
 .debug_frame   0x0000000000003074      0x80c Middlewares/Third_Party/FreeRTOS/Source/CMSIS_RTOS/cmsis_os.o
 .debug_frame   0x0000000000003880       0xd8 Middlewares/Third_Party/FreeRTOS/Source/list.o
 .debug_frame   0x0000000000003958      0x46c Middlewares/Third_Party/FreeRTOS/Source/queue.o
 .debug_frame   0x0000000000003dc4      0x734 Middlewares/Third_Party/FreeRTOS/Source/tasks.o
 .debug_frame   0x00000000000044f8      0x198 Middlewares/Third_Party/FreeRTOS/Source/portable/GCC/ARM_CM3/port.o
 .debug_frame   0x0000000000004690      0x108 Middlewares/Third_Party/FreeRTOS/Source/portable/MemMang/heap_4.o
 .debug_frame   0x0000000000004798       0x20 /opt/st/stm32cubeide_1.6.1/plugins/com.st.stm32cube.ide.mcu.externaltools.gnu-tools-for-stm32.9-2020-q2-update.linux64_1.5.0.202011040924/tools/bin/../lib/gcc/arm-none-eabi/9.3.1/../../../../arm-none-eabi/lib/thumb/v7-m/nofp/libc_nano.a(lib_a-errno.o)
 .debug_frame   0x00000000000047b8       0x2c /opt/st/stm32cubeide_1.6.1/plugins/com.st.stm32cube.ide.mcu.externaltools.gnu-tools-for-stm32.9-2020-q2-update.linux64_1.5.0.202011040924/tools/bin/../lib/gcc/arm-none-eabi/9.3.1/../../../../arm-none-eabi/lib/thumb/v7-m/nofp/libc_nano.a(lib_a-init.o)
 .debug_frame   0x00000000000047e4       0x28 /opt/st/stm32cubeide_1.6.1/plugins/com.st.stm32cube.ide.mcu.externaltools.gnu-tools-for-stm32.9-2020-q2-update.linux64_1.5.0.202011040924/tools/bin/../lib/gcc/arm-none-eabi/9.3.1/../../../../arm-none-eabi/lib/thumb/v7-m/nofp/libc_nano.a(lib_a-memcpy-stub.o)
 .debug_frame   0x000000000000480c       0x20 /opt/st/stm32cubeide_1.6.1/plugins/com.st.stm32cube.ide.mcu.externaltools.gnu-tools-for-stm32.9-2020-q2-update.linux64_1.5.0.202011040924/tools/bin/../lib/gcc/arm-none-eabi/9.3.1/../../../../arm-none-eabi/lib/thumb/v7-m/nofp/libc_nano.a(lib_a-memset.o)
 .debug_frame   0x000000000000482c       0x34 /opt/st/stm32cubeide_1.6.1/plugins/com.st.stm32cube.ide.mcu.externaltools.gnu-tools-for-stm32.9-2020-q2-update.linux64_1.5.0.202011040924/tools/bin/../lib/gcc/arm-none-eabi/9.3.1/../../../../arm-none-eabi/lib/thumb/v7-m/nofp/libm.a(lib_a-w_pow.o)
 .debug_frame   0x0000000000004860       0x64 /opt/st/stm32cubeide_1.6.1/plugins/com.st.stm32cube.ide.mcu.externaltools.gnu-tools-for-stm32.9-2020-q2-update.linux64_1.5.0.202011040924/tools/bin/../lib/gcc/arm-none-eabi/9.3.1/../../../../arm-none-eabi/lib/thumb/v7-m/nofp/libm.a(lib_a-e_pow.o)
 .debug_frame   0x00000000000048c4       0x30 /opt/st/stm32cubeide_1.6.1/plugins/com.st.stm32cube.ide.mcu.externaltools.gnu-tools-for-stm32.9-2020-q2-update.linux64_1.5.0.202011040924/tools/bin/../lib/gcc/arm-none-eabi/9.3.1/../../../../arm-none-eabi/lib/thumb/v7-m/nofp/libm.a(lib_a-e_sqrt.o)
 .debug_frame   0x00000000000048f4       0x20 /opt/st/stm32cubeide_1.6.1/plugins/com.st.stm32cube.ide.mcu.externaltools.gnu-tools-for-stm32.9-2020-q2-update.linux64_1.5.0.202011040924/tools/bin/../lib/gcc/arm-none-eabi/9.3.1/../../../../arm-none-eabi/lib/thumb/v7-m/nofp/libm.a(lib_a-s_fabs.o)
 .debug_frame   0x0000000000004914       0x20 /opt/st/stm32cubeide_1.6.1/plugins/com.st.stm32cube.ide.mcu.externaltools.gnu-tools-for-stm32.9-2020-q2-update.linux64_1.5.0.202011040924/tools/bin/../lib/gcc/arm-none-eabi/9.3.1/../../../../arm-none-eabi/lib/thumb/v7-m/nofp/libm.a(lib_a-s_finite.o)
 .debug_frame   0x0000000000004934       0x20 /opt/st/stm32cubeide_1.6.1/plugins/com.st.stm32cube.ide.mcu.externaltools.gnu-tools-for-stm32.9-2020-q2-update.linux64_1.5.0.202011040924/tools/bin/../lib/gcc/arm-none-eabi/9.3.1/../../../../arm-none-eabi/lib/thumb/v7-m/nofp/libm.a(lib_a-s_nan.o)
 .debug_frame   0x0000000000004954       0x34 /opt/st/stm32cubeide_1.6.1/plugins/com.st.stm32cube.ide.mcu.externaltools.gnu-tools-for-stm32.9-2020-q2-update.linux64_1.5.0.202011040924/tools/bin/../lib/gcc/arm-none-eabi/9.3.1/../../../../arm-none-eabi/lib/thumb/v7-m/nofp/libm.a(lib_a-s_rint.o)
 .debug_frame   0x0000000000004988       0x30 /opt/st/stm32cubeide_1.6.1/plugins/com.st.stm32cube.ide.mcu.externaltools.gnu-tools-for-stm32.9-2020-q2-update.linux64_1.5.0.202011040924/tools/bin/../lib/gcc/arm-none-eabi/9.3.1/../../../../arm-none-eabi/lib/thumb/v7-m/nofp/libm.a(lib_a-s_scalbn.o)
 .debug_frame   0x00000000000049b8       0xac /opt/st/stm32cubeide_1.6.1/plugins/com.st.stm32cube.ide.mcu.externaltools.gnu-tools-for-stm32.9-2020-q2-update.linux64_1.5.0.202011040924/tools/bin/../lib/gcc/arm-none-eabi/9.3.1/thumb/v7-m/nofp/libgcc.a(_arm_addsubdf3.o)
 .debug_frame   0x0000000000004a64       0x50 /opt/st/stm32cubeide_1.6.1/plugins/com.st.stm32cube.ide.mcu.externaltools.gnu-tools-for-stm32.9-2020-q2-update.linux64_1.5.0.202011040924/tools/bin/../lib/gcc/arm-none-eabi/9.3.1/thumb/v7-m/nofp/libgcc.a(_arm_muldivdf3.o)
 .debug_frame   0x0000000000004ab4       0xc4 /opt/st/stm32cubeide_1.6.1/plugins/com.st.stm32cube.ide.mcu.externaltools.gnu-tools-for-stm32.9-2020-q2-update.linux64_1.5.0.202011040924/tools/bin/../lib/gcc/arm-none-eabi/9.3.1/thumb/v7-m/nofp/libgcc.a(_arm_cmpdf2.o)
 .debug_frame   0x0000000000004b78       0x20 /opt/st/stm32cubeide_1.6.1/plugins/com.st.stm32cube.ide.mcu.externaltools.gnu-tools-for-stm32.9-2020-q2-update.linux64_1.5.0.202011040924/tools/bin/../lib/gcc/arm-none-eabi/9.3.1/thumb/v7-m/nofp/libgcc.a(_arm_unorddf2.o)