Archive member included to satisfy reference by file (symbol)

/opt/st/stm32cubeide_1.7.0/plugins/com.st.stm32cube.ide.mcu.externaltools.gnu-tools-for-stm32.9-2020-q2-update.linux64_2.0.0.202105311346/tools/bin/../lib/gcc/arm-none-eabi/9.3.1/../../../../arm-none-eabi/lib/thumb/v7-m/nofp/libc_nano.a(lib_a-errno.o)
                              ./Core/Src/syscalls.o (__errno)
/opt/st/stm32cubeide_1.7.0/plugins/com.st.stm32cube.ide.mcu.externaltools.gnu-tools-for-stm32.9-2020-q2-update.linux64_2.0.0.202105311346/tools/bin/../lib/gcc/arm-none-eabi/9.3.1/../../../../arm-none-eabi/lib/thumb/v7-m/nofp/libc_nano.a(lib_a-exit.o)
                              /opt/st/stm32cubeide_1.7.0/plugins/com.st.stm32cube.ide.mcu.externaltools.gnu-tools-for-stm32.9-2020-q2-update.linux64_2.0.0.202105311346/tools/bin/../lib/gcc/arm-none-eabi/9.3.1/../../../../arm-none-eabi/lib/thumb/v7-m/nofp/crt0.o (exit)
/opt/st/stm32cubeide_1.7.0/plugins/com.st.stm32cube.ide.mcu.externaltools.gnu-tools-for-stm32.9-2020-q2-update.linux64_2.0.0.202105311346/tools/bin/../lib/gcc/arm-none-eabi/9.3.1/../../../../arm-none-eabi/lib/thumb/v7-m/nofp/libc_nano.a(lib_a-impure.o)
                              /opt/st/stm32cubeide_1.7.0/plugins/com.st.stm32cube.ide.mcu.externaltools.gnu-tools-for-stm32.9-2020-q2-update.linux64_2.0.0.202105311346/tools/bin/../lib/gcc/arm-none-eabi/9.3.1/../../../../arm-none-eabi/lib/thumb/v7-m/nofp/libc_nano.a(lib_a-exit.o) (_global_impure_ptr)
/opt/st/stm32cubeide_1.7.0/plugins/com.st.stm32cube.ide.mcu.externaltools.gnu-tools-for-stm32.9-2020-q2-update.linux64_2.0.0.202105311346/tools/bin/../lib/gcc/arm-none-eabi/9.3.1/../../../../arm-none-eabi/lib/thumb/v7-m/nofp/libc_nano.a(lib_a-init.o)
                              /opt/st/stm32cubeide_1.7.0/plugins/com.st.stm32cube.ide.mcu.externaltools.gnu-tools-for-stm32.9-2020-q2-update.linux64_2.0.0.202105311346/tools/bin/../lib/gcc/arm-none-eabi/9.3.1/../../../../arm-none-eabi/lib/thumb/v7-m/nofp/crt0.o (__libc_init_array)
/opt/st/stm32cubeide_1.7.0/plugins/com.st.stm32cube.ide.mcu.externaltools.gnu-tools-for-stm32.9-2020-q2-update.linux64_2.0.0.202105311346/tools/bin/../lib/gcc/arm-none-eabi/9.3.1/../../../../arm-none-eabi/lib/thumb/v7-m/nofp/libc_nano.a(lib_a-memcpy-stub.o)
                              ./Core/Src/sha3.o (memcpy)
/opt/st/stm32cubeide_1.7.0/plugins/com.st.stm32cube.ide.mcu.externaltools.gnu-tools-for-stm32.9-2020-q2-update.linux64_2.0.0.202105311346/tools/bin/../lib/gcc/arm-none-eabi/9.3.1/../../../../arm-none-eabi/lib/thumb/v7-m/nofp/libc_nano.a(lib_a-memset.o)
                              /opt/st/stm32cubeide_1.7.0/plugins/com.st.stm32cube.ide.mcu.externaltools.gnu-tools-for-stm32.9-2020-q2-update.linux64_2.0.0.202105311346/tools/bin/../lib/gcc/arm-none-eabi/9.3.1/../../../../arm-none-eabi/lib/thumb/v7-m/nofp/crt0.o (memset)

Allocating common symbols
Common symbol       size              file

conteo_ticks_tds    0x4               ./Core/Src/main.o
buffer_serie        0x80              ./Core/Src/main.o
serie_disponible    0x4               ./Core/Src/main.o
uwTick              0x4               ./Drivers/STM32F1xx_HAL_Driver/Src/stm32f1xx_hal.o
hash                0x4               ./Core/Src/main.o
pFlash              0x20              ./Drivers/STM32F1xx_HAL_Driver/Src/stm32f1xx_hal_flash.o
enviar_serie        0x4               ./Core/Src/main.o
huart1              0x44              ./Core/Src/main.o
c                   0xe0              ./Core/Src/main.o
lista_tareas        0x120             ./Core/Src/main.o
pulsador            0x8               ./Core/Src/main.o

Discarded input sections

 .text          0x0000000000000000        0x0 /opt/st/stm32cubeide_1.7.0/plugins/com.st.stm32cube.ide.mcu.externaltools.gnu-tools-for-stm32.9-2020-q2-update.linux64_2.0.0.202105311346/tools/bin/../lib/gcc/arm-none-eabi/9.3.1/thumb/v7-m/nofp/crti.o
 .data          0x0000000000000000        0x0 /opt/st/stm32cubeide_1.7.0/plugins/com.st.stm32cube.ide.mcu.externaltools.gnu-tools-for-stm32.9-2020-q2-update.linux64_2.0.0.202105311346/tools/bin/../lib/gcc/arm-none-eabi/9.3.1/thumb/v7-m/nofp/crti.o
 .bss           0x0000000000000000        0x0 /opt/st/stm32cubeide_1.7.0/plugins/com.st.stm32cube.ide.mcu.externaltools.gnu-tools-for-stm32.9-2020-q2-update.linux64_2.0.0.202105311346/tools/bin/../lib/gcc/arm-none-eabi/9.3.1/thumb/v7-m/nofp/crti.o
 .data          0x0000000000000000        0x4 /opt/st/stm32cubeide_1.7.0/plugins/com.st.stm32cube.ide.mcu.externaltools.gnu-tools-for-stm32.9-2020-q2-update.linux64_2.0.0.202105311346/tools/bin/../lib/gcc/arm-none-eabi/9.3.1/thumb/v7-m/nofp/crtbegin.o
 .text          0x0000000000000000       0x7c /opt/st/stm32cubeide_1.7.0/plugins/com.st.stm32cube.ide.mcu.externaltools.gnu-tools-for-stm32.9-2020-q2-update.linux64_2.0.0.202105311346/tools/bin/../lib/gcc/arm-none-eabi/9.3.1/../../../../arm-none-eabi/lib/thumb/v7-m/nofp/crt0.o
[...]
Memory Configuration

Name             Origin             Length             Attributes
RAM              0x0000000020000000 0x0000000000005000 xrw
FLASH            0x0000000008000000 0x0000000000010000 xr
*default*        0x0000000000000000 0xffffffffffffffff

Linker script and memory map

LOAD /opt/st/stm32cubeide_1.7.0/plugins/com.st.stm32cube.ide.mcu.externaltools.gnu-tools-for-stm32.9-2020-q2-update.linux64_2.0.0.202105311346/tools/bin/../lib/gcc/arm-none-eabi/9.3.1/thumb/v7-m/nofp/crti.o
LOAD /opt/st/stm32cubeide_1.7.0/plugins/com.st.stm32cube.ide.mcu.externaltools.gnu-tools-for-stm32.9-2020-q2-update.linux64_2.0.0.202105311346/tools/bin/../lib/gcc/arm-none-eabi/9.3.1/thumb/v7-m/nofp/crtbegin.o
LOAD /opt/st/stm32cubeide_1.7.0/plugins/com.st.stm32cube.ide.mcu.externaltools.gnu-tools-for-stm32.9-2020-q2-update.linux64_2.0.0.202105311346/tools/bin/../lib/gcc/arm-none-eabi/9.3.1/../../../../arm-none-eabi/lib/thumb/v7-m/nofp/crt0.o
LOAD ./Core/Src/arrebote.o
LOAD ./Core/Src/main.o
LOAD ./Core/Src/miniplanificador.o
LOAD ./Core/Src/sha3.o
LOAD ./Core/Src/stm32f1xx_hal_msp.o
LOAD ./Core/Src/stm32f1xx_it.o
LOAD ./Core/Src/syscalls.o
LOAD ./Core/Src/sysmem.o
LOAD ./Core/Src/system_stm32f1xx.o
LOAD ./Core/Src/timer_monitor.o
LOAD ./Core/Startup/startup_stm32f103c8tx.o
LOAD ./Drivers/STM32F1xx_HAL_Driver/Src/stm32f1xx_hal.o
LOAD ./Drivers/STM32F1xx_HAL_Driver/Src/stm32f1xx_hal_cortex.o
LOAD ./Drivers/STM32F1xx_HAL_Driver/Src/stm32f1xx_hal_dma.o
LOAD ./Drivers/STM32F1xx_HAL_Driver/Src/stm32f1xx_hal_exti.o
LOAD ./Drivers/STM32F1xx_HAL_Driver/Src/stm32f1xx_hal_flash.o
LOAD ./Drivers/STM32F1xx_HAL_Driver/Src/stm32f1xx_hal_flash_ex.o
LOAD ./Drivers/STM32F1xx_HAL_Driver/Src/stm32f1xx_hal_gpio.o
LOAD ./Drivers/STM32F1xx_HAL_Driver/Src/stm32f1xx_hal_gpio_ex.o
LOAD ./Drivers/STM32F1xx_HAL_Driver/Src/stm32f1xx_hal_pwr.o
LOAD ./Drivers/STM32F1xx_HAL_Driver/Src/stm32f1xx_hal_rcc.o
LOAD ./Drivers/STM32F1xx_HAL_Driver/Src/stm32f1xx_hal_rcc_ex.o
LOAD ./Drivers/STM32F1xx_HAL_Driver/Src/stm32f1xx_hal_tim.o
LOAD ./Drivers/STM32F1xx_HAL_Driver/Src/stm32f1xx_hal_tim_ex.o
LOAD ./Drivers/STM32F1xx_HAL_Driver/Src/stm32f1xx_hal_uart.o
START GROUP
LOAD /opt/st/stm32cubeide_1.7.0/plugins/com.st.stm32cube.ide.mcu.externaltools.gnu-tools-for-stm32.9-2020-q2-update.linux64_2.0.0.202105311346/tools/bin/../lib/gcc/arm-none-eabi/9.3.1/../../../../arm-none-eabi/lib/thumb/v7-m/nofp/libc_nano.a
LOAD /opt/st/stm32cubeide_1.7.0/plugins/com.st.stm32cube.ide.mcu.externaltools.gnu-tools-for-stm32.9-2020-q2-update.linux64_2.0.0.202105311346/tools/bin/../lib/gcc/arm-none-eabi/9.3.1/../../../../arm-none-eabi/lib/thumb/v7-m/nofp/libm.a
END GROUP
START GROUP
LOAD /opt/st/stm32cubeide_1.7.0/plugins/com.st.stm32cube.ide.mcu.externaltools.gnu-tools-for-stm32.9-2020-q2-update.linux64_2.0.0.202105311346/tools/bin/../lib/gcc/arm-none-eabi/9.3.1/thumb/v7-m/nofp/libgcc.a
LOAD /opt/st/stm32cubeide_1.7.0/plugins/com.st.stm32cube.ide.mcu.externaltools.gnu-tools-for-stm32.9-2020-q2-update.linux64_2.0.0.202105311346/tools/bin/../lib/gcc/arm-none-eabi/9.3.1/../../../../arm-none-eabi/lib/thumb/v7-m/nofp/libc_nano.a
END GROUP
START GROUP
LOAD /opt/st/stm32cubeide_1.7.0/plugins/com.st.stm32cube.ide.mcu.externaltools.gnu-tools-for-stm32.9-2020-q2-update.linux64_2.0.0.202105311346/tools/bin/../lib/gcc/arm-none-eabi/9.3.1/thumb/v7-m/nofp/libgcc.a
LOAD /opt/st/stm32cubeide_1.7.0/plugins/com.st.stm32cube.ide.mcu.externaltools.gnu-tools-for-stm32.9-2020-q2-update.linux64_2.0.0.202105311346/tools/bin/../lib/gcc/arm-none-eabi/9.3.1/../../../../arm-none-eabi/lib/thumb/v7-m/nofp/libc_nano.a
LOAD /opt/st/stm32cubeide_1.7.0/plugins/com.st.stm32cube.ide.mcu.externaltools.gnu-tools-for-stm32.9-2020-q2-update.linux64_2.0.0.202105311346/tools/bin/../lib/gcc/arm-none-eabi/9.3.1/../../../../arm-none-eabi/lib/thumb/v7-m/nofp/libnosys.a
END GROUP
START GROUP
LOAD /opt/st/stm32cubeide_1.7.0/plugins/com.st.stm32cube.ide.mcu.externaltools.gnu-tools-for-stm32.9-2020-q2-update.linux64_2.0.0.202105311346/tools/bin/../lib/gcc/arm-none-eabi/9.3.1/thumb/v7-m/nofp/libgcc.a
LOAD /opt/st/stm32cubeide_1.7.0/plugins/com.st.stm32cube.ide.mcu.externaltools.gnu-tools-for-stm32.9-2020-q2-update.linux64_2.0.0.202105311346/tools/bin/../lib/gcc/arm-none-eabi/9.3.1/../../../../arm-none-eabi/lib/thumb/v7-m/nofp/libc_nano.a
LOAD /opt/st/stm32cubeide_1.7.0/plugins/com.st.stm32cube.ide.mcu.externaltools.gnu-tools-for-stm32.9-2020-q2-update.linux64_2.0.0.202105311346/tools/bin/../lib/gcc/arm-none-eabi/9.3.1/../../../../arm-none-eabi/lib/thumb/v7-m/nofp/libnosys.a
END GROUP
LOAD /opt/st/stm32cubeide_1.7.0/plugins/com.st.stm32cube.ide.mcu.externaltools.gnu-tools-for-stm32.9-2020-q2-update.linux64_2.0.0.202105311346/tools/bin/../lib/gcc/arm-none-eabi/9.3.1/thumb/v7-m/nofp/crtend.o
LOAD /opt/st/stm32cubeide_1.7.0/plugins/com.st.stm32cube.ide.mcu.externaltools.gnu-tools-for-stm32.9-2020-q2-update.linux64_2.0.0.202105311346/tools/bin/../lib/gcc/arm-none-eabi/9.3.1/thumb/v7-m/nofp/crtn.o
                0x0000000020005000                _estack = (ORIGIN (RAM) + LENGTH (RAM))
                0x0000000000000200                _Min_Heap_Size = 0x200
                0x0000000000000400                _Min_Stack_Size = 0x400

.isr_vector     0x0000000008000000      0x10c
                0x0000000008000000                . = ALIGN (0x4)
 *(.isr_vector)
 .isr_vector    0x0000000008000000      0x10c ./Core/Startup/startup_stm32f103c8tx.o
                0x0000000008000000                g_pfnVectors
                0x000000000800010c                . = ALIGN (0x4)

.text           0x000000000800010c     0x27d0
                0x000000000800010c                . = ALIGN (0x4)
 *(.text)
 .text          0x000000000800010c       0x40 /opt/st/stm32cubeide_1.7.0/plugins/com.st.stm32cube.ide.mcu.externaltools.gnu-tools-for-stm32.9-2020-q2-update.linux64_2.0.0.202105311346/tools/bin/../lib/gcc/arm-none-eabi/9.3.1/thumb/v7-m/nofp/crtbegin.o
 *(.text*)
 .text.inicializar_arrebote
                0x000000000800014c       0x4a ./Core/Src/arrebote.o
                0x000000000800014c                inicializar_arrebote
 *fill*         0x0000000008000196        0x2 
 .text.chequear_arrebote
                0x0000000008000198      0x104 ./Core/Src/arrebote.o
                0x0000000008000198                chequear_arrebote
 .text.hay_flanco_arrebote
                0x000000000800029c       0x28 ./Core/Src/arrebote.o
                0x000000000800029c                hay_flanco_arrebote
 .text.falla_sistema
                0x00000000080002c4       0x34 ./Core/Src/main.o
                0x00000000080002c4                falla_sistema
 .text.xorshift32
                0x00000000080002f8       0x44 ./Core/Src/main.o
                0x00000000080002f8                xorshift32
 .text.tarea_calculo
                0x000000000800033c       0x7c ./Core/Src/main.o
                0x000000000800033c                tarea_calculo
 .text.bin2hex  0x00000000080003b8       0x3e ./Core/Src/main.o
                0x00000000080003b8                bin2hex
 *fill*         0x00000000080003f6        0x2 
 .text.tarea_serie
                0x00000000080003f8      0x11c ./Core/Src/main.o
                0x00000000080003f8                tarea_serie
 .text.tarea_led
                0x0000000008000514       0x3c ./Core/Src/main.o
                0x0000000008000514                tarea_led
 .text.main     0x0000000008000550      0x124 ./Core/Src/main.o
                0x0000000008000550                main
 .text.SystemClock_Config
                0x0000000008000674       0x8a ./Core/Src/main.o
                0x0000000008000674                SystemClock_Config
 *fill*         0x00000000080006fe        0x2 
 .text.MX_USART1_UART_Init
                0x0000000008000700       0x54 ./Core/Src/main.o
 .text.MX_GPIO_Init
                0x0000000008000754       0xcc ./Core/Src/main.o
 .text.Error_Handler
                0x0000000008000820        0xa ./Core/Src/main.o
                0x0000000008000820                Error_Handler
 *fill*         0x000000000800082a        0x2 
 .text.inicializar_despachador
                0x000000000800082c       0x84 ./Core/Src/miniplanificador.o
                0x000000000800082c                inicializar_despachador
 .text.agregar_tarea
                0x00000000080008b0       0xfc ./Core/Src/miniplanificador.o
                0x00000000080008b0                agregar_tarea
 .text.despachar_tarea
                0x00000000080009ac       0xa4 ./Core/Src/miniplanificador.o
                0x00000000080009ac                despachar_tarea
 .text.despachar_tareas
                0x0000000008000a50       0x64 ./Core/Src/miniplanificador.o
                0x0000000008000a50                despachar_tareas
 .text.keccakf  0x0000000008000ab4      0x3e0 ./Core/Src/sha3.o
 .text.sha3_Init
                0x0000000008000e94       0x4a ./Core/Src/sha3.o
                0x0000000008000e94                sha3_Init
 .text.sha3_Init512
                0x0000000008000ede       0x1a ./Core/Src/sha3.o
                0x0000000008000ede                sha3_Init512
 .text.sha3_Update
                0x0000000008000ef8      0x45c ./Core/Src/sha3.o
                0x0000000008000ef8                sha3_Update
 .text.sha3_Finalize
                0x0000000008001354      0x1ec ./Core/Src/sha3.o
                0x0000000008001354                sha3_Finalize
 .text.HAL_MspInit
                0x0000000008001540       0x64 ./Core/Src/stm32f1xx_hal_msp.o
                0x0000000008001540                HAL_MspInit
 .text.HAL_UART_MspInit
                0x00000000080015a4       0x98 ./Core/Src/stm32f1xx_hal_msp.o
                0x00000000080015a4                HAL_UART_MspInit
 .text.NMI_Handler
                0x000000000800163c        0x6 ./Core/Src/stm32f1xx_it.o
                0x000000000800163c                NMI_Handler
 .text.HardFault_Handler
                0x0000000008001642        0x6 ./Core/Src/stm32f1xx_it.o
                0x0000000008001642                HardFault_Handler
 .text.MemManage_Handler
                0x0000000008001648        0x6 ./Core/Src/stm32f1xx_it.o
                0x0000000008001648                MemManage_Handler
 .text.BusFault_Handler
                0x000000000800164e        0x6 ./Core/Src/stm32f1xx_it.o
                0x000000000800164e                BusFault_Handler
 .text.UsageFault_Handler
                0x0000000008001654        0x6 ./Core/Src/stm32f1xx_it.o
                0x0000000008001654                UsageFault_Handler
 .text.SVC_Handler
                0x000000000800165a        0xc ./Core/Src/stm32f1xx_it.o
                0x000000000800165a                SVC_Handler
 .text.DebugMon_Handler
                0x0000000008001666        0xc ./Core/Src/stm32f1xx_it.o
                0x0000000008001666                DebugMon_Handler
 .text.PendSV_Handler
                0x0000000008001672        0xc ./Core/Src/stm32f1xx_it.o
                0x0000000008001672                PendSV_Handler
 .text.SysTick_Handler
                0x000000000800167e        0xc ./Core/Src/stm32f1xx_it.o
                0x000000000800167e                SysTick_Handler
 .text.SystemInit
                0x000000000800168a        0xc ./Core/Src/system_stm32f1xx.o
                0x000000000800168a                SystemInit
 *fill*         0x0000000008001696        0x2 
 .text.inic_timer
                0x0000000008001698       0x6c ./Core/Src/timer_monitor.o
                0x0000000008001698                inic_timer
 .text.init_timer_sandwich
                0x0000000008001704       0x5c ./Core/Src/timer_monitor.o
                0x0000000008001704                init_timer_sandwich
 .text.start_timer
                0x0000000008001760       0x24 ./Core/Src/timer_monitor.o
                0x0000000008001760                start_timer
 .text.stop_timer
                0x0000000008001784       0x2a ./Core/Src/timer_monitor.o
                0x0000000008001784                stop_timer
 *fill*         0x00000000080017ae        0x2 
 .text.start_sandwich
                0x00000000080017b0       0x24 ./Core/Src/timer_monitor.o
                0x00000000080017b0                start_sandwich
 .text.stop_sandwich
                0x00000000080017d4       0x3c ./Core/Src/timer_monitor.o
                0x00000000080017d4                stop_sandwich
 .text.Reset_Handler
                0x0000000008001810       0x48 ./Core/Startup/startup_stm32f103c8tx.o
                0x0000000008001810                Reset_Handler
 .text.Default_Handler
                0x0000000008001858        0x2 ./Core/Startup/startup_stm32f103c8tx.o
                0x0000000008001858                RTC_Alarm_IRQHandler
                0x0000000008001858                EXTI2_IRQHandler
                0x0000000008001858                TIM1_CC_IRQHandler
                0x0000000008001858                PVD_IRQHandler
                0x0000000008001858                EXTI3_IRQHandler
                0x0000000008001858                EXTI0_IRQHandler
                0x0000000008001858                I2C2_EV_IRQHandler
                0x0000000008001858                ADC1_2_IRQHandler
                0x0000000008001858                SPI1_IRQHandler
                0x0000000008001858                TAMPER_IRQHandler
                0x0000000008001858                DMA1_Channel4_IRQHandler
                0x0000000008001858                USART3_IRQHandler
                0x0000000008001858                RTC_IRQHandler
                0x0000000008001858                DMA1_Channel7_IRQHandler
                0x0000000008001858                CAN1_RX1_IRQHandler
                0x0000000008001858                TIM4_IRQHandler
                0x0000000008001858                I2C1_EV_IRQHandler
                0x0000000008001858                DMA1_Channel6_IRQHandler
                0x0000000008001858                TIM3_IRQHandler
                0x0000000008001858                RCC_IRQHandler
                0x0000000008001858                TIM1_TRG_COM_IRQHandler
                0x0000000008001858                DMA1_Channel1_IRQHandler
                0x0000000008001858                Default_Handler
                0x0000000008001858                EXTI15_10_IRQHandler
                0x0000000008001858                EXTI9_5_IRQHandler
                0x0000000008001858                SPI2_IRQHandler
                0x0000000008001858                DMA1_Channel5_IRQHandler
                0x0000000008001858                EXTI4_IRQHandler
                0x0000000008001858                USB_LP_CAN1_RX0_IRQHandler
                0x0000000008001858                USB_HP_CAN1_TX_IRQHandler
                0x0000000008001858                DMA1_Channel3_IRQHandler
                0x0000000008001858                TIM1_UP_IRQHandler
                0x0000000008001858                WWDG_IRQHandler
                0x0000000008001858                TIM2_IRQHandler
                0x0000000008001858                TIM1_BRK_IRQHandler
                0x0000000008001858                EXTI1_IRQHandler
                0x0000000008001858                USART2_IRQHandler
                0x0000000008001858                I2C2_ER_IRQHandler
                0x0000000008001858                DMA1_Channel2_IRQHandler
                0x0000000008001858                CAN1_SCE_IRQHandler
                0x0000000008001858                FLASH_IRQHandler
                0x0000000008001858                USART1_IRQHandler
                0x0000000008001858                I2C1_ER_IRQHandler
                0x0000000008001858                USBWakeUp_IRQHandler
 *fill*         0x000000000800185a        0x2 
 .text.HAL_Init
                0x000000000800185c       0x2c ./Drivers/STM32F1xx_HAL_Driver/Src/stm32f1xx_hal.o
                0x000000000800185c                HAL_Init
 .text.HAL_InitTick
                0x0000000008001888       0x60 ./Drivers/STM32F1xx_HAL_Driver/Src/stm32f1xx_hal.o
                0x0000000008001888                HAL_InitTick
 .text.HAL_IncTick
                0x00000000080018e8       0x24 ./Drivers/STM32F1xx_HAL_Driver/Src/stm32f1xx_hal.o
                0x00000000080018e8                HAL_IncTick
 .text.HAL_GetTick
                0x000000000800190c       0x14 ./Drivers/STM32F1xx_HAL_Driver/Src/stm32f1xx_hal.o
                0x000000000800190c                HAL_GetTick
 .text.__NVIC_SetPriorityGrouping
                0x0000000008001920       0x48 ./Drivers/STM32F1xx_HAL_Driver/Src/stm32f1xx_hal_cortex.o
 .text.__NVIC_GetPriorityGrouping
                0x0000000008001968       0x1c ./Drivers/STM32F1xx_HAL_Driver/Src/stm32f1xx_hal_cortex.o
 .text.__NVIC_SetPriority
                0x0000000008001984       0x54 ./Drivers/STM32F1xx_HAL_Driver/Src/stm32f1xx_hal_cortex.o
 .text.NVIC_EncodePriority
                0x00000000080019d8       0x64 ./Drivers/STM32F1xx_HAL_Driver/Src/stm32f1xx_hal_cortex.o
 .text.SysTick_Config
                0x0000000008001a3c       0x44 ./Drivers/STM32F1xx_HAL_Driver/Src/stm32f1xx_hal_cortex.o
 .text.HAL_NVIC_SetPriorityGrouping
                0x0000000008001a80       0x16 ./Drivers/STM32F1xx_HAL_Driver/Src/stm32f1xx_hal_cortex.o
                0x0000000008001a80                HAL_NVIC_SetPriorityGrouping
 .text.HAL_NVIC_SetPriority
                0x0000000008001a96       0x38 ./Drivers/STM32F1xx_HAL_Driver/Src/stm32f1xx_hal_cortex.o
                0x0000000008001a96                HAL_NVIC_SetPriority
 .text.HAL_SYSTICK_Config
                0x0000000008001ace       0x18 ./Drivers/STM32F1xx_HAL_Driver/Src/stm32f1xx_hal_cortex.o
                0x0000000008001ace                HAL_SYSTICK_Config
 *fill*         0x0000000008001ae6        0x2 
 .text.HAL_GPIO_Init
                0x0000000008001ae8      0x308 ./Drivers/STM32F1xx_HAL_Driver/Src/stm32f1xx_hal_gpio.o
                0x0000000008001ae8                HAL_GPIO_Init
 .text.HAL_GPIO_ReadPin
                0x0000000008001df0       0x2e ./Drivers/STM32F1xx_HAL_Driver/Src/stm32f1xx_hal_gpio.o
                0x0000000008001df0                HAL_GPIO_ReadPin
 .text.HAL_GPIO_WritePin
                0x0000000008001e1e       0x30 ./Drivers/STM32F1xx_HAL_Driver/Src/stm32f1xx_hal_gpio.o
                0x0000000008001e1e                HAL_GPIO_WritePin
 .text.HAL_GPIO_TogglePin
                0x0000000008001e4e       0x32 ./Drivers/STM32F1xx_HAL_Driver/Src/stm32f1xx_hal_gpio.o
                0x0000000008001e4e                HAL_GPIO_TogglePin
 .text.HAL_RCC_OscConfig
                0x0000000008001e80      0x500 ./Drivers/STM32F1xx_HAL_Driver/Src/stm32f1xx_hal_rcc.o
                0x0000000008001e80                HAL_RCC_OscConfig
 .text.HAL_RCC_ClockConfig
                0x0000000008002380      0x1d4 ./Drivers/STM32F1xx_HAL_Driver/Src/stm32f1xx_hal_rcc.o
                0x0000000008002380                HAL_RCC_ClockConfig
 .text.HAL_RCC_GetSysClockFreq
                0x0000000008002554       0xc0 ./Drivers/STM32F1xx_HAL_Driver/Src/stm32f1xx_hal_rcc.o
                0x0000000008002554                HAL_RCC_GetSysClockFreq
 .text.HAL_RCC_GetHCLKFreq
                0x0000000008002614       0x14 ./Drivers/STM32F1xx_HAL_Driver/Src/stm32f1xx_hal_rcc.o
                0x0000000008002614                HAL_RCC_GetHCLKFreq
 .text.HAL_RCC_GetPCLK1Freq
                0x0000000008002628       0x28 ./Drivers/STM32F1xx_HAL_Driver/Src/stm32f1xx_hal_rcc.o
                0x0000000008002628                HAL_RCC_GetPCLK1Freq
 .text.HAL_RCC_GetPCLK2Freq
                0x0000000008002650       0x28 ./Drivers/STM32F1xx_HAL_Driver/Src/stm32f1xx_hal_rcc.o
                0x0000000008002650                HAL_RCC_GetPCLK2Freq
 .text.RCC_Delay
                0x0000000008002678       0x3c ./Drivers/STM32F1xx_HAL_Driver/Src/stm32f1xx_hal_rcc.o
 .text.HAL_UART_Init
                0x00000000080026b4       0x9a ./Drivers/STM32F1xx_HAL_Driver/Src/stm32f1xx_hal_uart.o
                0x00000000080026b4                HAL_UART_Init
 *fill*         0x000000000800274e        0x2 
 .text.UART_SetConfig
                0x0000000008002750      0x11c ./Drivers/STM32F1xx_HAL_Driver/Src/stm32f1xx_hal_uart.o
 .text.__libc_init_array
                0x000000000800286c       0x48 /opt/st/stm32cubeide_1.7.0/plugins/com.st.stm32cube.ide.mcu.externaltools.gnu-tools-for-stm32.9-2020-q2-update.linux64_2.0.0.202105311346/tools/bin/../lib/gcc/arm-none-eabi/9.3.1/../../../../arm-none-eabi/lib/thumb/v7-m/nofp/libc_nano.a(lib_a-init.o)
                0x000000000800286c                __libc_init_array
 .text.memset   0x00000000080028b4       0x10 /opt/st/stm32cubeide_1.7.0/plugins/com.st.stm32cube.ide.mcu.externaltools.gnu-tools-for-stm32.9-2020-q2-update.linux64_2.0.0.202105311346/tools/bin/../lib/gcc/arm-none-eabi/9.3.1/../../../../arm-none-eabi/lib/thumb/v7-m/nofp/libc_nano.a(lib_a-memset.o)
                0x00000000080028b4                memset
 *(.glue_7)
 .glue_7        0x00000000080028c4        0x0 linker stubs
 *(.glue_7t)
 .glue_7t       0x00000000080028c4        0x0 linker stubs
 *(.eh_frame)
 .eh_frame      0x00000000080028c4        0x0 /opt/st/stm32cubeide_1.7.0/plugins/com.st.stm32cube.ide.mcu.externaltools.gnu-tools-for-stm32.9-2020-q2-update.linux64_2.0.0.202105311346/tools/bin/../lib/gcc/arm-none-eabi/9.3.1/thumb/v7-m/nofp/crtbegin.o
 *(.init)
 .init          0x00000000080028c4        0x4 /opt/st/stm32cubeide_1.7.0/plugins/com.st.stm32cube.ide.mcu.externaltools.gnu-tools-for-stm32.9-2020-q2-update.linux64_2.0.0.202105311346/tools/bin/../lib/gcc/arm-none-eabi/9.3.1/thumb/v7-m/nofp/crti.o
                0x00000000080028c4                _init
 .init          0x00000000080028c8        0x8 /opt/st/stm32cubeide_1.7.0/plugins/com.st.stm32cube.ide.mcu.externaltools.gnu-tools-for-stm32.9-2020-q2-update.linux64_2.0.0.202105311346/tools/bin/../lib/gcc/arm-none-eabi/9.3.1/thumb/v7-m/nofp/crtn.o
 *(.fini)
 .fini          0x00000000080028d0        0x4 /opt/st/stm32cubeide_1.7.0/plugins/com.st.stm32cube.ide.mcu.externaltools.gnu-tools-for-stm32.9-2020-q2-update.linux64_2.0.0.202105311346/tools/bin/../lib/gcc/arm-none-eabi/9.3.1/thumb/v7-m/nofp/crti.o
                0x00000000080028d0                _fini
 .fini          0x00000000080028d4        0x8 /opt/st/stm32cubeide_1.7.0/plugins/com.st.stm32cube.ide.mcu.externaltools.gnu-tools-for-stm32.9-2020-q2-update.linux64_2.0.0.202105311346/tools/bin/../lib/gcc/arm-none-eabi/9.3.1/thumb/v7-m/nofp/crtn.o
                0x00000000080028dc                . = ALIGN (0x4)
                0x00000000080028dc                _etext = .

.vfp11_veneer   0x00000000080028dc        0x0
 .vfp11_veneer  0x00000000080028dc        0x0 linker stubs

.v4_bx          0x00000000080028dc        0x0
 .v4_bx         0x00000000080028dc        0x0 linker stubs

.iplt           0x00000000080028dc        0x0
 .iplt          0x00000000080028dc        0x0 /opt/st/stm32cubeide_1.7.0/plugins/com.st.stm32cube.ide.mcu.externaltools.gnu-tools-for-stm32.9-2020-q2-update.linux64_2.0.0.202105311346/tools/bin/../lib/gcc/arm-none-eabi/9.3.1/thumb/v7-m/nofp/crtbegin.o

.rodata         0x00000000080028e0      0x1a8
                0x00000000080028e0                . = ALIGN (0x4)
 *(.rodata)
 .rodata        0x00000000080028e0       0x10 ./Drivers/STM32F1xx_HAL_Driver/Src/stm32f1xx_hal_rcc.o
 *(.rodata*)
 .rodata.keccakf_rndc
                0x00000000080028f0       0xc0 ./Core/Src/sha3.o
 .rodata.keccakf_rotc
                0x00000000080029b0       0x60 ./Core/Src/sha3.o
 .rodata.keccakf_piln
                0x0000000008002a10       0x60 ./Core/Src/sha3.o
 .rodata.AHBPrescTable
                0x0000000008002a70       0x10 ./Core/Src/system_stm32f1xx.o
                0x0000000008002a70                AHBPrescTable
 .rodata.APBPrescTable
                0x0000000008002a80        0x8 ./Core/Src/system_stm32f1xx.o
                0x0000000008002a80                APBPrescTable
                0x0000000008002a88                . = ALIGN (0x4)

.rel.dyn        0x0000000008002a88        0x0
 .rel.iplt      0x0000000008002a88        0x0 /opt/st/stm32cubeide_1.7.0/plugins/com.st.stm32cube.ide.mcu.externaltools.gnu-tools-for-stm32.9-2020-q2-update.linux64_2.0.0.202105311346/tools/bin/../lib/gcc/arm-none-eabi/9.3.1/thumb/v7-m/nofp/crtbegin.o

.ARM.extab      0x0000000008002a88        0x0
                0x0000000008002a88                . = ALIGN (0x4)
 *(.ARM.extab* .gnu.linkonce.armextab.*)
                0x0000000008002a88                . = ALIGN (0x4)

.ARM            0x0000000008002a88        0x0
                0x0000000008002a88                . = ALIGN (0x4)
                0x0000000008002a88                __exidx_start = .
 *(.ARM.exidx*)
                0x0000000008002a88                __exidx_end = .
                0x0000000008002a88                . = ALIGN (0x4)

.preinit_array  0x0000000008002a88        0x0
                0x0000000008002a88                . = ALIGN (0x4)
                0x0000000008002a88                PROVIDE (__preinit_array_start = .)
 *(.preinit_array*)
                0x0000000008002a88                PROVIDE (__preinit_array_end = .)
                0x0000000008002a88                . = ALIGN (0x4)

.init_array     0x0000000008002a88        0x4
                0x0000000008002a88                . = ALIGN (0x4)
                0x0000000008002a88                PROVIDE (__init_array_start = .)
 *(SORT_BY_NAME(.init_array.*))
 *(.init_array*)
 .init_array    0x0000000008002a88        0x4 /opt/st/stm32cubeide_1.7.0/plugins/com.st.stm32cube.ide.mcu.externaltools.gnu-tools-for-stm32.9-2020-q2-update.linux64_2.0.0.202105311346/tools/bin/../lib/gcc/arm-none-eabi/9.3.1/thumb/v7-m/nofp/crtbegin.o
                0x0000000008002a8c                PROVIDE (__init_array_end = .)
                0x0000000008002a8c                . = ALIGN (0x4)

.fini_array     0x0000000008002a8c        0x4
                0x0000000008002a8c                . = ALIGN (0x4)
                [!provide]                        PROVIDE (__fini_array_start = .)
 *(SORT_BY_NAME(.fini_array.*))
 *(.fini_array*)
 .fini_array    0x0000000008002a8c        0x4 /opt/st/stm32cubeide_1.7.0/plugins/com.st.stm32cube.ide.mcu.externaltools.gnu-tools-for-stm32.9-2020-q2-update.linux64_2.0.0.202105311346/tools/bin/../lib/gcc/arm-none-eabi/9.3.1/thumb/v7-m/nofp/crtbegin.o
                [!provide]                        PROVIDE (__fini_array_end = .)
                0x0000000008002a90                . = ALIGN (0x4)
                0x0000000008002a90                _sidata = LOADADDR (.data)

.data           0x0000000020000000       0x14 load address 0x0000000008002a90
                0x0000000020000000                . = ALIGN (0x4)
                0x0000000020000000                _sdata = .
 *(.data)
 *(.data*)
 .data.x.5717   0x0000000020000000        0x4 ./Core/Src/main.o
 .data.tics.5737
                0x0000000020000004        0x4 ./Core/Src/main.o
 .data.SystemCoreClock
                0x0000000020000008        0x4 ./Core/Src/system_stm32f1xx.o
                0x0000000020000008                SystemCoreClock
 .data.uwTickPrio
                0x000000002000000c        0x4 ./Drivers/STM32F1xx_HAL_Driver/Src/stm32f1xx_hal.o
                0x000000002000000c                uwTickPrio
 .data.uwTickFreq
                0x0000000020000010        0x1 ./Drivers/STM32F1xx_HAL_Driver/Src/stm32f1xx_hal.o
                0x0000000020000010                uwTickFreq
 *(.RamFunc)
 *(.RamFunc*)
                0x0000000020000014                . = ALIGN (0x4)
 *fill*         0x0000000020000011        0x3 
                0x0000000020000014                _edata = .

.igot.plt       0x0000000020000014        0x0 load address 0x0000000008002aa4
 .igot.plt      0x0000000020000014        0x0 /opt/st/stm32cubeide_1.7.0/plugins/com.st.stm32cube.ide.mcu.externaltools.gnu-tools-for-stm32.9-2020-q2-update.linux64_2.0.0.202105311346/tools/bin/../lib/gcc/arm-none-eabi/9.3.1/thumb/v7-m/nofp/crtbegin.o
                0x0000000020000014                . = ALIGN (0x4)

.bss            0x0000000020000018      0x31c load address 0x0000000008002aa4
                0x0000000020000018                _sbss = .
                0x0000000020000018                __bss_start__ = _sbss
 *(.bss)
 .bss           0x0000000020000018       0x1c /opt/st/stm32cubeide_1.7.0/plugins/com.st.stm32cube.ide.mcu.externaltools.gnu-tools-for-stm32.9-2020-q2-update.linux64_2.0.0.202105311346/tools/bin/../lib/gcc/arm-none-eabi/9.3.1/thumb/v7-m/nofp/crtbegin.o
 *(.bss*)
 .bss.estado.5730
                0x0000000020000034        0x4 ./Core/Src/main.o
 .bss.fallar_sistema
                0x0000000020000038        0x4 ./Core/Src/miniplanificador.o
 .bss.monitor_start
                0x000000002000003c        0x4 ./Core/Src/miniplanificador.o
 .bss.monitor_stop
                0x0000000020000040        0x4 ./Core/Src/miniplanificador.o
 .bss.max_len_lista_tareas
                0x0000000020000044        0x4 ./Core/Src/miniplanificador.o
 .bss.tareas_a_despachar
                0x0000000020000048        0x4 ./Core/Src/miniplanificador.o
 .bss.lista_tareas
                0x000000002000004c        0x4 ./Core/Src/miniplanificador.o
 *(COMMON)
 COMMON         0x0000000020000050      0x2e0 ./Core/Src/main.o
                0x0000000020000050                conteo_ticks_tds
                0x0000000020000054                buffer_serie
                0x00000000200000d4                serie_disponible
                0x00000000200000d8                hash
                0x00000000200000dc                enviar_serie
                0x00000000200000e0                huart1
                0x0000000020000128                c
                0x0000000020000208                lista_tareas
                0x0000000020000328                pulsador
 COMMON         0x0000000020000330        0x4 ./Drivers/STM32F1xx_HAL_Driver/Src/stm32f1xx_hal.o
                0x0000000020000330                uwTick
                0x0000000020000334                . = ALIGN (0x4)
                0x0000000020000334                _ebss = .
                0x0000000020000334                __bss_end__ = _ebss

._user_heap_stack
                0x0000000020000334      0x604 load address 0x0000000008002aa4
                0x0000000020000338                . = ALIGN (0x8)
 *fill*         0x0000000020000334        0x4 
                [!provide]                        PROVIDE (end = .)
                0x0000000020000338                PROVIDE (_end = .)
                0x0000000020000538                . = (. + _Min_Heap_Size)
 *fill*         0x0000000020000338      0x200 
                0x0000000020000938                . = (. + _Min_Stack_Size)
 *fill*         0x0000000020000538      0x400 
                0x0000000020000938                . = ALIGN (0x8)

/DISCARD/
 libc.a(*)
 libm.a(*)
 libgcc.a(*)

.ARM.attributes
                0x0000000000000000       0x29
 *(.ARM.attributes)
 .ARM.attributes
                0x0000000000000000       0x1d /opt/st/stm32cubeide_1.7.0/plugins/com.st.stm32cube.ide.mcu.externaltools.gnu-tools-for-stm32.9-2020-q2-update.linux64_2.0.0.202105311346/tools/bin/../lib/gcc/arm-none-eabi/9.3.1/thumb/v7-m/nofp/crti.o
 .ARM.attributes
                0x000000000000001d       0x2d /opt/st/stm32cubeide_1.7.0/plugins/com.st.stm32cube.ide.mcu.externaltools.gnu-tools-for-stm32.9-2020-q2-update.linux64_2.0.0.202105311346/tools/bin/../lib/gcc/arm-none-eabi/9.3.1/thumb/v7-m/nofp/crtbegin.o
 .ARM.attributes
                0x000000000000004a       0x2d ./Core/Src/arrebote.o
 .ARM.attributes
                0x0000000000000077       0x2d ./Core/Src/main.o
 .ARM.attributes
                0x00000000000000a4       0x2d ./Core/Src/miniplanificador.o
 .ARM.attributes
                0x00000000000000d1       0x2d ./Core/Src/sha3.o
 .ARM.attributes
                0x00000000000000fe       0x2d ./Core/Src/stm32f1xx_hal_msp.o
 .ARM.attributes
                0x000000000000012b       0x2d ./Core/Src/stm32f1xx_it.o
 .ARM.attributes
                0x0000000000000158       0x2d ./Core/Src/system_stm32f1xx.o
 .ARM.attributes
                0x0000000000000185       0x2d ./Core/Src/timer_monitor.o
 .ARM.attributes
                0x00000000000001b2       0x21 ./Core/Startup/startup_stm32f103c8tx.o
 .ARM.attributes
                0x00000000000001d3       0x2d ./Drivers/STM32F1xx_HAL_Driver/Src/stm32f1xx_hal.o
 .ARM.attributes
                0x0000000000000200       0x2d ./Drivers/STM32F1xx_HAL_Driver/Src/stm32f1xx_hal_cortex.o
 .ARM.attributes
                0x000000000000022d       0x2d ./Drivers/STM32F1xx_HAL_Driver/Src/stm32f1xx_hal_gpio.o
 .ARM.attributes
                0x000000000000025a       0x2d ./Drivers/STM32F1xx_HAL_Driver/Src/stm32f1xx_hal_rcc.o
 .ARM.attributes
                0x0000000000000287       0x2d ./Drivers/STM32F1xx_HAL_Driver/Src/stm32f1xx_hal_uart.o
 .ARM.attributes
                0x00000000000002b4       0x2d /opt/st/stm32cubeide_1.7.0/plugins/com.st.stm32cube.ide.mcu.externaltools.gnu-tools-for-stm32.9-2020-q2-update.linux64_2.0.0.202105311346/tools/bin/../lib/gcc/arm-none-eabi/9.3.1/../../../../arm-none-eabi/lib/thumb/v7-m/nofp/libc_nano.a(lib_a-init.o)
 .ARM.attributes
                0x00000000000002e1       0x2d /opt/st/stm32cubeide_1.7.0/plugins/com.st.stm32cube.ide.mcu.externaltools.gnu-tools-for-stm32.9-2020-q2-update.linux64_2.0.0.202105311346/tools/bin/../lib/gcc/arm-none-eabi/9.3.1/../../../../arm-none-eabi/lib/thumb/v7-m/nofp/libc_nano.a(lib_a-memset.o)
 .ARM.attributes
                0x000000000000030e       0x1d /opt/st/stm32cubeide_1.7.0/plugins/com.st.stm32cube.ide.mcu.externaltools.gnu-tools-for-stm32.9-2020-q2-update.linux64_2.0.0.202105311346/tools/bin/../lib/gcc/arm-none-eabi/9.3.1/thumb/v7-m/nofp/crtn.o
OUTPUT(lucas_liano_tds.elf elf32-littlearm)
LOAD linker stubs
LOAD /opt/st/stm32cubeide_1.7.0/plugins/com.st.stm32cube.ide.mcu.externaltools.gnu-tools-for-stm32.9-2020-q2-update.linux64_2.0.0.202105311346/tools/bin/../lib/gcc/arm-none-eabi/9.3.1/../../../../arm-none-eabi/lib/thumb/v7-m/nofp/libc.a
LOAD /opt/st/stm32cubeide_1.7.0/plugins/com.st.stm32cube.ide.mcu.externaltools.gnu-tools-for-stm32.9-2020-q2-update.linux64_2.0.0.202105311346/tools/bin/../lib/gcc/arm-none-eabi/9.3.1/../../../../arm-none-eabi/lib/thumb/v7-m/nofp/libm.a
LOAD /opt/st/stm32cubeide_1.7.0/plugins/com.st.stm32cube.ide.mcu.externaltools.gnu-tools-for-stm32.9-2020-q2-update.linux64_2.0.0.202105311346/tools/bin/../lib/gcc/arm-none-eabi/9.3.1/thumb/v7-m/nofp/libgcc.a

.debug_info     0x0000000000000000     0x763b
 .debug_info    0x0000000000000000      0x219 ./Core/Src/arrebote.o
 .debug_info    0x0000000000000219      0xf35 ./Core/Src/main.o
 .debug_info    0x000000000000114e      0xbc2 ./Core/Src/miniplanificador.o
 .debug_info    0x0000000000001d10      0xe3a ./Core/Src/sha3.o
 .debug_info    0x0000000000002b4a      0x8d7 ./Core/Src/stm32f1xx_hal_msp.o
 .debug_info    0x0000000000003421      0x222 ./Core/Src/stm32f1xx_it.o
 .debug_info    0x0000000000003643      0x2be ./Core/Src/system_stm32f1xx.o
 .debug_info    0x0000000000003901      0x429 ./Core/Src/timer_monitor.o
 .debug_info    0x0000000000003d2a       0x22 ./Core/Startup/startup_stm32f103c8tx.o
 .debug_info    0x0000000000003d4c      0x76a ./Drivers/STM32F1xx_HAL_Driver/Src/stm32f1xx_hal.o
 .debug_info    0x00000000000044b6      0xbdc ./Drivers/STM32F1xx_HAL_Driver/Src/stm32f1xx_hal_cortex.o
 .debug_info    0x0000000000005092      0x701 ./Drivers/STM32F1xx_HAL_Driver/Src/stm32f1xx_hal_gpio.o
 .debug_info    0x0000000000005793      0x88e ./Drivers/STM32F1xx_HAL_Driver/Src/stm32f1xx_hal_rcc.o
 .debug_info    0x0000000000006021     0x161a ./Drivers/STM32F1xx_HAL_Driver/Src/stm32f1xx_hal_uart.o

.debug_abbrev   0x0000000000000000     0x19e3
 .debug_abbrev  0x0000000000000000      0x108 ./Core/Src/arrebote.o
 .debug_abbrev  0x0000000000000108      0x2c6 ./Core/Src/main.o
 .debug_abbrev  0x00000000000003ce      0x226 ./Core/Src/miniplanificador.o
 .debug_abbrev  0x00000000000005f4      0x2b0 ./Core/Src/sha3.o
 .debug_abbrev  0x00000000000008a4      0x1ac ./Core/Src/stm32f1xx_hal_msp.o
 .debug_abbrev  0x0000000000000a50       0xd2 ./Core/Src/stm32f1xx_it.o
 .debug_abbrev  0x0000000000000b22      0x14e ./Core/Src/system_stm32f1xx.o
 .debug_abbrev  0x0000000000000c70      0x17b ./Core/Src/timer_monitor.o
 .debug_abbrev  0x0000000000000deb       0x12 ./Core/Startup/startup_stm32f103c8tx.o
 .debug_abbrev  0x0000000000000dfd      0x1ed ./Drivers/STM32F1xx_HAL_Driver/Src/stm32f1xx_hal.o
 .debug_abbrev  0x0000000000000fea      0x313 ./Drivers/STM32F1xx_HAL_Driver/Src/stm32f1xx_hal_cortex.o
 .debug_abbrev  0x00000000000012fd      0x1e8 ./Drivers/STM32F1xx_HAL_Driver/Src/stm32f1xx_hal_gpio.o
 .debug_abbrev  0x00000000000014e5      0x273 ./Drivers/STM32F1xx_HAL_Driver/Src/stm32f1xx_hal_rcc.o
 .debug_abbrev  0x0000000000001758      0x28b ./Drivers/STM32F1xx_HAL_Driver/Src/stm32f1xx_hal_uart.o

.debug_aranges  0x0000000000000000      0x730
 .debug_aranges
                0x0000000000000000       0x38 ./Core/Src/arrebote.o
 .debug_aranges
                0x0000000000000038       0x70 ./Core/Src/main.o
 .debug_aranges
                0x00000000000000a8       0x38 ./Core/Src/miniplanificador.o
 .debug_aranges
                0x00000000000000e0       0x60 ./Core/Src/sha3.o
 .debug_aranges
                0x0000000000000140       0x30 ./Core/Src/stm32f1xx_hal_msp.o
 .debug_aranges
                0x0000000000000170       0x60 ./Core/Src/stm32f1xx_it.o
 .debug_aranges
                0x00000000000001d0       0x28 ./Core/Src/system_stm32f1xx.o
 .debug_aranges
                0x00000000000001f8       0x48 ./Core/Src/timer_monitor.o
 .debug_aranges
                0x0000000000000240       0x28 ./Core/Startup/startup_stm32f103c8tx.o
 .debug_aranges
                0x0000000000000268       0xe0 ./Drivers/STM32F1xx_HAL_Driver/Src/stm32f1xx_hal.o
 .debug_aranges
                0x0000000000000348      0x100 ./Drivers/STM32F1xx_HAL_Driver/Src/stm32f1xx_hal_cortex.o
 .debug_aranges
                0x0000000000000448       0x58 ./Drivers/STM32F1xx_HAL_Driver/Src/stm32f1xx_hal_gpio.o
 .debug_aranges
                0x00000000000004a0       0x90 ./Drivers/STM32F1xx_HAL_Driver/Src/stm32f1xx_hal_rcc.o
 .debug_aranges
                0x0000000000000530      0x200 ./Drivers/STM32F1xx_HAL_Driver/Src/stm32f1xx_hal_uart.o

.debug_ranges   0x0000000000000000      0x688
 .debug_ranges  0x0000000000000000       0x28 ./Core/Src/arrebote.o
 .debug_ranges  0x0000000000000028       0x60 ./Core/Src/main.o
 .debug_ranges  0x0000000000000088       0x28 ./Core/Src/miniplanificador.o
 .debug_ranges  0x00000000000000b0       0x50 ./Core/Src/sha3.o
 .debug_ranges  0x0000000000000100       0x20 ./Core/Src/stm32f1xx_hal_msp.o
 .debug_ranges  0x0000000000000120       0x50 ./Core/Src/stm32f1xx_it.o
 .debug_ranges  0x0000000000000170       0x18 ./Core/Src/system_stm32f1xx.o
 .debug_ranges  0x0000000000000188       0x38 ./Core/Src/timer_monitor.o
 .debug_ranges  0x00000000000001c0       0x20 ./Core/Startup/startup_stm32f103c8tx.o
 .debug_ranges  0x00000000000001e0       0xd0 ./Drivers/STM32F1xx_HAL_Driver/Src/stm32f1xx_hal.o
 .debug_ranges  0x00000000000002b0       0xf0 ./Drivers/STM32F1xx_HAL_Driver/Src/stm32f1xx_hal_cortex.o
 .debug_ranges  0x00000000000003a0       0x48 ./Drivers/STM32F1xx_HAL_Driver/Src/stm32f1xx_hal_gpio.o
 .debug_ranges  0x00000000000003e8       0x80 ./Drivers/STM32F1xx_HAL_Driver/Src/stm32f1xx_hal_rcc.o
 .debug_ranges  0x0000000000000468      0x220 ./Drivers/STM32F1xx_HAL_Driver/Src/stm32f1xx_hal_uart.o

.debug_macro    0x0000000000000000    0x170e6
 .debug_macro   0x0000000000000000       0x6d ./Core/Src/arrebote.o
 .debug_macro   0x000000000000006d      0xa9c ./Core/Src/arrebote.o
 .debug_macro   0x0000000000000b09       0x22 ./Core/Src/arrebote.o
 .debug_macro   0x0000000000000b2b       0x8e ./Core/Src/arrebote.o
 .debug_macro   0x0000000000000bb9       0x51 ./Core/Src/arrebote.o
 .debug_macro   0x0000000000000c0a      0x103 ./Core/Src/arrebote.o
 .debug_macro   0x0000000000000d0d       0x6a ./Core/Src/arrebote.o
 .debug_macro   0x0000000000000d77      0x1df ./Core/Src/arrebote.o
 .debug_macro   0x0000000000000f56      0x204 ./Core/Src/main.o
 .debug_macro   0x000000000000115a      0x215 ./Core/Src/main.o
 .debug_macro   0x000000000000136f       0x2e ./Core/Src/main.o
 .debug_macro   0x000000000000139d       0x22 ./Core/Src/main.o
 .debug_macro   0x00000000000013bf       0x1c ./Core/Src/main.o
 .debug_macro   0x00000000000013db       0x22 ./Core/Src/main.o
 .debug_macro   0x00000000000013fd       0xc3 ./Core/Src/main.o
 .debug_macro   0x00000000000014c0      0xd23 ./Core/Src/main.o
 .debug_macro   0x00000000000021e3     0xe09e ./Core/Src/main.o
 .debug_macro   0x0000000000010281       0x6d ./Core/Src/main.o
 .debug_macro   0x00000000000102ee     0x3468 ./Core/Src/main.o
 .debug_macro   0x0000000000013756      0x174 ./Core/Src/main.o
 .debug_macro   0x00000000000138ca       0x5c ./Core/Src/main.o
 .debug_macro   0x0000000000013926      0x5be ./Core/Src/main.o
 .debug_macro   0x0000000000013ee4      0x289 ./Core/Src/main.o
 .debug_macro   0x000000000001416d      0x1cb ./Core/Src/main.o
 .debug_macro   0x0000000000014338      0x114 ./Core/Src/main.o
 .debug_macro   0x000000000001444c      0x1b2 ./Core/Src/main.o
 .debug_macro   0x00000000000145fe       0x27 ./Core/Src/main.o
 .debug_macro   0x0000000000014625      0x136 ./Core/Src/main.o
 .debug_macro   0x000000000001475b      0x1bc ./Core/Src/main.o
 .debug_macro   0x0000000000014917       0x34 ./Core/Src/main.o
 .debug_macro   0x000000000001494b       0x3c ./Core/Src/main.o
 .debug_macro   0x0000000000014987       0x57 ./Core/Src/main.o
 .debug_macro   0x00000000000149de       0x88 ./Core/Src/main.o
 .debug_macro   0x0000000000014a66      0x241 ./Core/Src/main.o
 .debug_macro   0x0000000000014ca7      0x141 ./Core/Src/main.o
 .debug_macro   0x0000000000014de8      0x279 ./Core/Src/main.o
 .debug_macro   0x0000000000015061       0x83 ./Core/Src/main.o
 .debug_macro   0x00000000000150e4       0x1c ./Core/Src/main.o
 .debug_macro   0x0000000000015100       0x10 ./Core/Src/main.o
 .debug_macro   0x0000000000015110      0x14a ./Core/Src/miniplanificador.o
 .debug_macro   0x000000000001525a       0x52 ./Core/Src/miniplanificador.o
 .debug_macro   0x00000000000152ac       0x18 ./Core/Src/miniplanificador.o
 .debug_macro   0x00000000000152c4       0x3c ./Core/Src/miniplanificador.o
 .debug_macro   0x0000000000015300       0x34 ./Core/Src/miniplanificador.o
 .debug_macro   0x0000000000015334       0x16 ./Core/Src/miniplanificador.o
 .debug_macro   0x000000000001534a       0x43 ./Core/Src/miniplanificador.o
 .debug_macro   0x000000000001538d       0x34 ./Core/Src/miniplanificador.o
 .debug_macro   0x00000000000153c1       0x10 ./Core/Src/miniplanificador.o
 .debug_macro   0x00000000000153d1       0x58 ./Core/Src/miniplanificador.o
 .debug_macro   0x0000000000015429       0x71 ./Core/Src/miniplanificador.o
 .debug_macro   0x000000000001549a       0x1c ./Core/Src/miniplanificador.o
 .debug_macro   0x00000000000154b6      0x12a ./Core/Src/miniplanificador.o
 .debug_macro   0x00000000000155e0      0x339 ./Core/Src/miniplanificador.o
 .debug_macro   0x0000000000015919       0x10 ./Core/Src/miniplanificador.o
 .debug_macro   0x0000000000015929       0x35 ./Core/Src/miniplanificador.o
 .debug_macro   0x000000000001595e       0x20 ./Core/Src/miniplanificador.o
 .debug_macro   0x000000000001597e      0x22a ./Core/Src/sha3.o
 .debug_macro   0x0000000000015ba8       0x4c ./Core/Src/sha3.o
 .debug_macro   0x0000000000015bf4       0x94 ./Core/Src/sha3.o
 .debug_macro   0x0000000000015c88       0x16 ./Core/Src/sha3.o
 .debug_macro   0x0000000000015c9e       0x57 ./Core/Src/sha3.o
 .debug_macro   0x0000000000015cf5       0x97 ./Core/Src/sha3.o
 .debug_macro   0x0000000000015d8c       0xfd ./Core/Src/sha3.o
 .debug_macro   0x0000000000015e89       0x10 ./Core/Src/sha3.o
 .debug_macro   0x0000000000015e99       0x10 ./Core/Src/sha3.o
 .debug_macro   0x0000000000015ea9       0x1c ./Core/Src/sha3.o
 .debug_macro   0x0000000000015ec5       0x52 ./Core/Src/sha3.o
 .debug_macro   0x0000000000015f17       0x22 ./Core/Src/sha3.o
 .debug_macro   0x0000000000015f39       0x10 ./Core/Src/sha3.o
 .debug_macro   0x0000000000015f49       0x40 ./Core/Src/sha3.o
 .debug_macro   0x0000000000015f89       0xd5 ./Core/Src/sha3.o
 .debug_macro   0x000000000001605e       0x1c ./Core/Src/sha3.o
 .debug_macro   0x000000000001607a       0x3d ./Core/Src/sha3.o
 .debug_macro   0x00000000000160b7       0x16 ./Core/Src/sha3.o
 .debug_macro   0x00000000000160cd      0x145 ./Core/Src/sha3.o
 .debug_macro   0x0000000000016212       0x16 ./Core/Src/sha3.o
 .debug_macro   0x0000000000016228      0x198 ./Core/Src/stm32f1xx_hal_msp.o
 .debug_macro   0x00000000000163c0      0x1a2 ./Core/Src/stm32f1xx_it.o
 .debug_macro   0x0000000000016562      0x18e ./Core/Src/system_stm32f1xx.o
 .debug_macro   0x00000000000166f0      0x18e ./Core/Src/timer_monitor.o
 .debug_macro   0x000000000001687e      0x1b2 ./Drivers/STM32F1xx_HAL_Driver/Src/stm32f1xx_hal.o
 .debug_macro   0x0000000000016a30      0x18e ./Drivers/STM32F1xx_HAL_Driver/Src/stm32f1xx_hal_cortex.o
 .debug_macro   0x0000000000016bbe      0x1f9 ./Drivers/STM32F1xx_HAL_Driver/Src/stm32f1xx_hal_gpio.o
 .debug_macro   0x0000000000016db7      0x1a0 ./Drivers/STM32F1xx_HAL_Driver/Src/stm32f1xx_hal_rcc.o
 .debug_macro   0x0000000000016f57      0x18f ./Drivers/STM32F1xx_HAL_Driver/Src/stm32f1xx_hal_uart.o

.debug_line     0x0000000000000000     0x7e94
 .debug_line    0x0000000000000000      0x47f ./Core/Src/arrebote.o
 .debug_line    0x000000000000047f      0x963 ./Core/Src/main.o
 .debug_line    0x0000000000000de2      0x666 ./Core/Src/miniplanificador.o
 .debug_line    0x0000000000001448      0xb58 ./Core/Src/sha3.o
 .debug_line    0x0000000000001fa0      0x67c ./Core/Src/stm32f1xx_hal_msp.o
 .debug_line    0x000000000000261c      0x6ea ./Core/Src/stm32f1xx_it.o
 .debug_line    0x0000000000002d06      0x6a6 ./Core/Src/system_stm32f1xx.o
 .debug_line    0x00000000000033ac      0x6da ./Core/Src/timer_monitor.o
 .debug_line    0x0000000000003a86       0x87 ./Core/Startup/startup_stm32f103c8tx.o
 .debug_line    0x0000000000003b0d      0x8d3 ./Drivers/STM32F1xx_HAL_Driver/Src/stm32f1xx_hal.o
 .debug_line    0x00000000000043e0      0xabb ./Drivers/STM32F1xx_HAL_Driver/Src/stm32f1xx_hal_cortex.o
 .debug_line    0x0000000000004e9b      0x96a ./Drivers/STM32F1xx_HAL_Driver/Src/stm32f1xx_hal_gpio.o
 .debug_line    0x0000000000005805      0xce1 ./Drivers/STM32F1xx_HAL_Driver/Src/stm32f1xx_hal_rcc.o
 .debug_line    0x00000000000064e6     0x19ae ./Drivers/STM32F1xx_HAL_Driver/Src/stm32f1xx_hal_uart.o

.debug_str      0x0000000000000000    0x8288d
 .debug_str     0x0000000000000000     0x3c30 ./Core/Src/arrebote.o
                                       0x3db9 (size before relaxing)
 .debug_str     0x0000000000003c30    0x79255 ./Core/Src/main.o
                                      0x7d1bc (size before relaxing)
 .debug_str     0x000000000007ce85     0x328d ./Core/Src/miniplanificador.o
                                       0x736a (size before relaxing)
 .debug_str     0x0000000000080112     0x1182 ./Core/Src/sha3.o
                                       0x8425 (size before relaxing)
 .debug_str     0x0000000000081294       0x7a ./Core/Src/stm32f1xx_hal_msp.o
                                      0x7cc5a (size before relaxing)
 .debug_str     0x000000000008130e       0xbd ./Core/Src/stm32f1xx_it.o
                                      0x7c84a (size before relaxing)
 .debug_str     0x00000000000813cb       0x52 ./Core/Src/system_stm32f1xx.o
                                      0x7c81a (size before relaxing)
 .debug_str     0x000000000008141d       0x76 ./Core/Src/timer_monitor.o
                                      0x7c88e (size before relaxing)
 .debug_str     0x0000000000081493       0x36 ./Core/Startup/startup_stm32f103c8tx.o
                                         0x76 (size before relaxing)
 .debug_str     0x00000000000814c9      0x563 ./Drivers/STM32F1xx_HAL_Driver/Src/stm32f1xx_hal.o
                                      0x7ceab (size before relaxing)
 .debug_str     0x0000000000081a2c      0x2f0 ./Drivers/STM32F1xx_HAL_Driver/Src/stm32f1xx_hal_cortex.o
                                      0x7ceb3 (size before relaxing)
 .debug_str     0x0000000000081d1c      0x324 ./Drivers/STM32F1xx_HAL_Driver/Src/stm32f1xx_hal_gpio.o
                                      0x7cbde (size before relaxing)
 .debug_str     0x0000000000082040      0x24f ./Drivers/STM32F1xx_HAL_Driver/Src/stm32f1xx_hal_rcc.o
                                      0x7cc17 (size before relaxing)
 .debug_str     0x000000000008228f      0x5fe ./Drivers/STM32F1xx_HAL_Driver/Src/stm32f1xx_hal_uart.o
                                      0x7d209 (size before relaxing)

.comment        0x0000000000000000       0x53
 .comment       0x0000000000000000       0x53 ./Core/Src/arrebote.o
                                         0x54 (size before relaxing)
 .comment       0x0000000000000053       0x54 ./Core/Src/main.o
 .comment       0x0000000000000053       0x54 ./Core/Src/miniplanificador.o
 .comment       0x0000000000000053       0x54 ./Core/Src/sha3.o
 .comment       0x0000000000000053       0x54 ./Core/Src/stm32f1xx_hal_msp.o
 .comment       0x0000000000000053       0x54 ./Core/Src/stm32f1xx_it.o
 .comment       0x0000000000000053       0x54 ./Core/Src/system_stm32f1xx.o
 .comment       0x0000000000000053       0x54 ./Core/Src/timer_monitor.o
 .comment       0x0000000000000053       0x54 ./Drivers/STM32F1xx_HAL_Driver/Src/stm32f1xx_hal.o
 .comment       0x0000000000000053       0x54 ./Drivers/STM32F1xx_HAL_Driver/Src/stm32f1xx_hal_cortex.o
 .comment       0x0000000000000053       0x54 ./Drivers/STM32F1xx_HAL_Driver/Src/stm32f1xx_hal_gpio.o
 .comment       0x0000000000000053       0x54 ./Drivers/STM32F1xx_HAL_Driver/Src/stm32f1xx_hal_rcc.o
 .comment       0x0000000000000053       0x54 ./Drivers/STM32F1xx_HAL_Driver/Src/stm32f1xx_hal_uart.o

.debug_frame    0x0000000000000000     0x1b54
 .debug_frame   0x0000000000000000       0xb0 ./Core/Src/arrebote.o
 .debug_frame   0x00000000000000b0      0x184 ./Core/Src/main.o
 .debug_frame   0x0000000000000234       0xa4 ./Core/Src/miniplanificador.o
 .debug_frame   0x00000000000002d8      0x194 ./Core/Src/sha3.o
 .debug_frame   0x000000000000046c       0x80 ./Core/Src/stm32f1xx_hal_msp.o
 .debug_frame   0x00000000000004ec      0x104 ./Core/Src/stm32f1xx_it.o
 .debug_frame   0x00000000000005f0       0x58 ./Core/Src/system_stm32f1xx.o
 .debug_frame   0x0000000000000648       0xe8 ./Core/Src/timer_monitor.o
 .debug_frame   0x0000000000000730      0x334 ./Drivers/STM32F1xx_HAL_Driver/Src/stm32f1xx_hal.o
 .debug_frame   0x0000000000000a64      0x428 ./Drivers/STM32F1xx_HAL_Driver/Src/stm32f1xx_hal_cortex.o
 .debug_frame   0x0000000000000e8c      0x14c ./Drivers/STM32F1xx_HAL_Driver/Src/stm32f1xx_hal_gpio.o
 .debug_frame   0x0000000000000fd8      0x21c ./Drivers/STM32F1xx_HAL_Driver/Src/stm32f1xx_hal_rcc.o
 .debug_frame   0x00000000000011f4      0x914 ./Drivers/STM32F1xx_HAL_Driver/Src/stm32f1xx_hal_uart.o
 .debug_frame   0x0000000000001b08       0x2c /opt/st/stm32cubeide_1.7.0/plugins/com.st.stm32cube.ide.mcu.externaltools.gnu-tools-for-stm32.9-2020-q2-update.linux64_2.0.0.202105311346/tools/bin/../lib/gcc/arm-none-eabi/9.3.1/../../../../arm-none-eabi/lib/thumb/v7-m/nofp/libc_nano.a(lib_a-init.o)
 .debug_frame   0x0000000000001b34       0x20 /opt/st/stm32cubeide_1.7.0/plugins/com.st.stm32cube.ide.mcu.externaltools.gnu-tools-for-stm32.9-2020-q2-update.linux64_2.0.0.202105311346/tools/bin/../lib/gcc/arm-none-eabi/9.3.1/../../../../arm-none-eabi/lib/thumb/v7-m/nofp/libc_nano.a(lib_a-memset.o)
